core_cm4.h:1657:22:__NVIC_SetPriorityGrouping	24	static
stm32f4xx_ll_rcc.h:2989:22:LL_RCC_HSI_Enable	4	static
stm32f4xx_ll_rcc.h:3009:26:LL_RCC_HSI_IsReady	4	static
stm32f4xx_ll_rcc.h:3035:22:LL_RCC_HSI_SetCalibTrimming	16	static
stm32f4xx_ll_rcc.h:3190:22:LL_RCC_SetSysClkSource	16	static
stm32f4xx_ll_rcc.h:3206:26:LL_RCC_GetSysClkSource	4	static
stm32f4xx_ll_rcc.h:3226:22:LL_RCC_SetAHBPrescaler	16	static
stm32f4xx_ll_rcc.h:3242:22:LL_RCC_SetAPB1Prescaler	16	static
stm32f4xx_ll_rcc.h:3258:22:LL_RCC_SetAPB2Prescaler	16	static
stm32f4xx_ll_bus.h:1187:22:LL_APB1_GRP1_EnableClock	24	static
stm32f4xx_ll_bus.h:1706:22:LL_APB2_GRP1_EnableClock	24	static
stm32f4xx_ll_system.h:1542:22:LL_FLASH_SetLatency	16	static
stm32f4xx_ll_system.h:1568:26:LL_FLASH_GetLatency	4	static
stm32f4xx_ll_pwr.h:507:22:LL_PWR_SetRegulVoltageScaling	16	static
stm32f4xx_ll_gpio.h:801:26:LL_GPIO_IsInputPinSet	16	static
stm32f4xx_ll_gpio.h:882:22:LL_GPIO_SetOutputPin	16	static
stm32f4xx_ll_gpio.h:911:22:LL_GPIO_ResetOutputPin	16	static
main.c:64:5:main	8	static
main.c:113:6:SystemClock_Config	8	static
main.c:143:6:SW_BLUE_EXTI_Callback	8	static
main.c:155:6:SW_GREEN_EXTI_Callback	8	static
main.c:167:6:SW_RED_EXTI_Callback	8	static
main.c:185:6:Error_Handler	4	static,ignoring_inline_asm
