Archive member included to satisfy reference by file (symbol)

d:/software/work/stm32cubeide_1.6.1/stm32cubeide/plugins/com.st.stm32cube.ide.mcu.externaltools.gnu-tools-for-stm32.9-2020-q2-update.win32_1.5.0.202011040924/tools/bin/../lib/gcc/arm-none-eabi/9.3.1/../../../../arm-none-eabi/lib/thumb/v7e-m+fp/hard\libc_nano.a(lib_a-errno.o)
                              Core/Src/syscalls.o (__errno)
d:/software/work/stm32cubeide_1.6.1/stm32cubeide/plugins/com.st.stm32cube.ide.mcu.externaltools.gnu-tools-for-stm32.9-2020-q2-update.win32_1.5.0.202011040924/tools/bin/../lib/gcc/arm-none-eabi/9.3.1/../../../../arm-none-eabi/lib/thumb/v7e-m+fp/hard\libc_nano.a(lib_a-exit.o)
                              d:/software/work/stm32cubeide_1.6.1/stm32cubeide/plugins/com.st.stm32cube.ide.mcu.externaltools.gnu-tools-for-stm32.9-2020-q2-update.win32_1.5.0.202011040924/tools/bin/../lib/gcc/arm-none-eabi/9.3.1/../../../../arm-none-eabi/lib/thumb/v7e-m+fp/hard/crt0.o (exit)
d:/software/work/stm32cubeide_1.6.1/stm32cubeide/plugins/com.st.stm32cube.ide.mcu.externaltools.gnu-tools-for-stm32.9-2020-q2-update.win32_1.5.0.202011040924/tools/bin/../lib/gcc/arm-none-eabi/9.3.1/../../../../arm-none-eabi/lib/thumb/v7e-m+fp/hard\libc_nano.a(lib_a-impure.o)
                              d:/software/work/stm32cubeide_1.6.1/stm32cubeide/plugins/com.st.stm32cube.ide.mcu.externaltools.gnu-tools-for-stm32.9-2020-q2-update.win32_1.5.0.202011040924/tools/bin/../lib/gcc/arm-none-eabi/9.3.1/../../../../arm-none-eabi/lib/thumb/v7e-m+fp/hard\libc_nano.a(lib_a-exit.o) (_global_impure_ptr)
d:/software/work/stm32cubeide_1.6.1/stm32cubeide/plugins/com.st.stm32cube.ide.mcu.externaltools.gnu-tools-for-stm32.9-2020-q2-update.win32_1.5.0.202011040924/tools/bin/../lib/gcc/arm-none-eabi/9.3.1/../../../../arm-none-eabi/lib/thumb/v7e-m+fp/hard\libc_nano.a(lib_a-init.o)
                              d:/software/work/stm32cubeide_1.6.1/stm32cubeide/plugins/com.st.stm32cube.ide.mcu.externaltools.gnu-tools-for-stm32.9-2020-q2-update.win32_1.5.0.202011040924/tools/bin/../lib/gcc/arm-none-eabi/9.3.1/../../../../arm-none-eabi/lib/thumb/v7e-m+fp/hard/crt0.o (__libc_init_array)
d:/software/work/stm32cubeide_1.6.1/stm32cubeide/plugins/com.st.stm32cube.ide.mcu.externaltools.gnu-tools-for-stm32.9-2020-q2-update.win32_1.5.0.202011040924/tools/bin/../lib/gcc/arm-none-eabi/9.3.1/../../../../arm-none-eabi/lib/thumb/v7e-m+fp/hard\libc_nano.a(lib_a-memset.o)
                              d:/software/work/stm32cubeide_1.6.1/stm32cubeide/plugins/com.st.stm32cube.ide.mcu.externaltools.gnu-tools-for-stm32.9-2020-q2-update.win32_1.5.0.202011040924/tools/bin/../lib/gcc/arm-none-eabi/9.3.1/../../../../arm-none-eabi/lib/thumb/v7e-m+fp/hard/crt0.o (memset)
d:/software/work/stm32cubeide_1.6.1/stm32cubeide/plugins/com.st.stm32cube.ide.mcu.externaltools.gnu-tools-for-stm32.9-2020-q2-update.win32_1.5.0.202011040924/tools/bin/../lib/gcc/arm-none-eabi/9.3.1/../../../../arm-none-eabi/lib/thumb/v7e-m+fp/hard\libc_nano.a(lib_a-printf.o)
                              Core/Src/MyPrint_LL.o (printf)
d:/software/work/stm32cubeide_1.6.1/stm32cubeide/plugins/com.st.stm32cube.ide.mcu.externaltools.gnu-tools-for-stm32.9-2020-q2-update.win32_1.5.0.202011040924/tools/bin/../lib/gcc/arm-none-eabi/9.3.1/../../../../arm-none-eabi/lib/thumb/v7e-m+fp/hard\libc_nano.a(lib_a-puts.o)
                              Core/Src/main.o (puts)
d:/software/work/stm32cubeide_1.6.1/stm32cubeide/plugins/com.st.stm32cube.ide.mcu.externaltools.gnu-tools-for-stm32.9-2020-q2-update.win32_1.5.0.202011040924/tools/bin/../lib/gcc/arm-none-eabi/9.3.1/../../../../arm-none-eabi/lib/thumb/v7e-m+fp/hard\libc_nano.a(lib_a-wbuf.o)
                              d:/software/work/stm32cubeide_1.6.1/stm32cubeide/plugins/com.st.stm32cube.ide.mcu.externaltools.gnu-tools-for-stm32.9-2020-q2-update.win32_1.5.0.202011040924/tools/bin/../lib/gcc/arm-none-eabi/9.3.1/../../../../arm-none-eabi/lib/thumb/v7e-m+fp/hard\libc_nano.a(lib_a-puts.o) (__swbuf_r)
d:/software/work/stm32cubeide_1.6.1/stm32cubeide/plugins/com.st.stm32cube.ide.mcu.externaltools.gnu-tools-for-stm32.9-2020-q2-update.win32_1.5.0.202011040924/tools/bin/../lib/gcc/arm-none-eabi/9.3.1/../../../../arm-none-eabi/lib/thumb/v7e-m+fp/hard\libc_nano.a(lib_a-wsetup.o)
                              d:/software/work/stm32cubeide_1.6.1/stm32cubeide/plugins/com.st.stm32cube.ide.mcu.externaltools.gnu-tools-for-stm32.9-2020-q2-update.win32_1.5.0.202011040924/tools/bin/../lib/gcc/arm-none-eabi/9.3.1/../../../../arm-none-eabi/lib/thumb/v7e-m+fp/hard\libc_nano.a(lib_a-puts.o) (__swsetup_r)
d:/software/work/stm32cubeide_1.6.1/stm32cubeide/plugins/com.st.stm32cube.ide.mcu.externaltools.gnu-tools-for-stm32.9-2020-q2-update.win32_1.5.0.202011040924/tools/bin/../lib/gcc/arm-none-eabi/9.3.1/../../../../arm-none-eabi/lib/thumb/v7e-m+fp/hard\libc_nano.a(lib_a-fflush.o)
[...]
Memory Configuration

Name             Origin             Length             Attributes
CCMRAM           0x0000000010000000 0x0000000000010000 xrw
RAM              0x0000000020000000 0x0000000000020000 xrw
FLASH            0x0000000008000000 0x0000000000080000 xr
*default*        0x0000000000000000 0xffffffffffffffff

Linker script and memory map

LOAD d:/software/work/stm32cubeide_1.6.1/stm32cubeide/plugins/com.st.stm32cube.ide.mcu.externaltools.gnu-tools-for-stm32.9-2020-q2-update.win32_1.5.0.202011040924/tools/bin/../lib/gcc/arm-none-eabi/9.3.1/thumb/v7e-m+fp/hard/crti.o
LOAD d:/software/work/stm32cubeide_1.6.1/stm32cubeide/plugins/com.st.stm32cube.ide.mcu.externaltools.gnu-tools-for-stm32.9-2020-q2-update.win32_1.5.0.202011040924/tools/bin/../lib/gcc/arm-none-eabi/9.3.1/thumb/v7e-m+fp/hard/crtbegin.o
LOAD d:/software/work/stm32cubeide_1.6.1/stm32cubeide/plugins/com.st.stm32cube.ide.mcu.externaltools.gnu-tools-for-stm32.9-2020-q2-update.win32_1.5.0.202011040924/tools/bin/../lib/gcc/arm-none-eabi/9.3.1/../../../../arm-none-eabi/lib/thumb/v7e-m+fp/hard/crt0.o
LOAD Core/Src/MyPrint_LL.o
LOAD Core/Src/exp_callback.o
LOAD Core/Src/gpio.o
LOAD Core/Src/main.o
LOAD Core/Src/stm32f4xx_it.o
LOAD Core/Src/syscalls.o
LOAD Core/Src/sysmem.o
LOAD Core/Src/system_stm32f4xx.o
LOAD Core/Src/usart.o
LOAD Core/Startup/startup_stm32f407vetx.o
LOAD Drivers/STM32F4xx_HAL_Driver/Src/stm32f4xx_ll_dma.o
LOAD Drivers/STM32F4xx_HAL_Driver/Src/stm32f4xx_ll_exti.o
LOAD Drivers/STM32F4xx_HAL_Driver/Src/stm32f4xx_ll_gpio.o
LOAD Drivers/STM32F4xx_HAL_Driver/Src/stm32f4xx_ll_rcc.o
LOAD Drivers/STM32F4xx_HAL_Driver/Src/stm32f4xx_ll_usart.o
LOAD Drivers/STM32F4xx_HAL_Driver/Src/stm32f4xx_ll_utils.o
START GROUP
LOAD d:/software/work/stm32cubeide_1.6.1/stm32cubeide/plugins/com.st.stm32cube.ide.mcu.externaltools.gnu-tools-for-stm32.9-2020-q2-update.win32_1.5.0.202011040924/tools/bin/../lib/gcc/arm-none-eabi/9.3.1/../../../../arm-none-eabi/lib/thumb/v7e-m+fp/hard\libc_nano.a
LOAD d:/software/work/stm32cubeide_1.6.1/stm32cubeide/plugins/com.st.stm32cube.ide.mcu.externaltools.gnu-tools-for-stm32.9-2020-q2-update.win32_1.5.0.202011040924/tools/bin/../lib/gcc/arm-none-eabi/9.3.1/../../../../arm-none-eabi/lib/thumb/v7e-m+fp/hard\libm.a
END GROUP
START GROUP
LOAD d:/software/work/stm32cubeide_1.6.1/stm32cubeide/plugins/com.st.stm32cube.ide.mcu.externaltools.gnu-tools-for-stm32.9-2020-q2-update.win32_1.5.0.202011040924/tools/bin/../lib/gcc/arm-none-eabi/9.3.1/thumb/v7e-m+fp/hard\libgcc.a
LOAD d:/software/work/stm32cubeide_1.6.1/stm32cubeide/plugins/com.st.stm32cube.ide.mcu.externaltools.gnu-tools-for-stm32.9-2020-q2-update.win32_1.5.0.202011040924/tools/bin/../lib/gcc/arm-none-eabi/9.3.1/../../../../arm-none-eabi/lib/thumb/v7e-m+fp/hard\libc_nano.a
END GROUP
START GROUP
LOAD d:/software/work/stm32cubeide_1.6.1/stm32cubeide/plugins/com.st.stm32cube.ide.mcu.externaltools.gnu-tools-for-stm32.9-2020-q2-update.win32_1.5.0.202011040924/tools/bin/../lib/gcc/arm-none-eabi/9.3.1/thumb/v7e-m+fp/hard\libgcc.a
LOAD d:/software/work/stm32cubeide_1.6.1/stm32cubeide/plugins/com.st.stm32cube.ide.mcu.externaltools.gnu-tools-for-stm32.9-2020-q2-update.win32_1.5.0.202011040924/tools/bin/../lib/gcc/arm-none-eabi/9.3.1/../../../../arm-none-eabi/lib/thumb/v7e-m+fp/hard\libc_nano.a
LOAD d:/software/work/stm32cubeide_1.6.1/stm32cubeide/plugins/com.st.stm32cube.ide.mcu.externaltools.gnu-tools-for-stm32.9-2020-q2-update.win32_1.5.0.202011040924/tools/bin/../lib/gcc/arm-none-eabi/9.3.1/../../../../arm-none-eabi/lib/thumb/v7e-m+fp/hard\libnosys.a
END GROUP
START GROUP
LOAD d:/software/work/stm32cubeide_1.6.1/stm32cubeide/plugins/com.st.stm32cube.ide.mcu.externaltools.gnu-tools-for-stm32.9-2020-q2-update.win32_1.5.0.202011040924/tools/bin/../lib/gcc/arm-none-eabi/9.3.1/thumb/v7e-m+fp/hard\libgcc.a
LOAD d:/software/work/stm32cubeide_1.6.1/stm32cubeide/plugins/com.st.stm32cube.ide.mcu.externaltools.gnu-tools-for-stm32.9-2020-q2-update.win32_1.5.0.202011040924/tools/bin/../lib/gcc/arm-none-eabi/9.3.1/../../../../arm-none-eabi/lib/thumb/v7e-m+fp/hard\libc_nano.a
LOAD d:/software/work/stm32cubeide_1.6.1/stm32cubeide/plugins/com.st.stm32cube.ide.mcu.externaltools.gnu-tools-for-stm32.9-2020-q2-update.win32_1.5.0.202011040924/tools/bin/../lib/gcc/arm-none-eabi/9.3.1/../../../../arm-none-eabi/lib/thumb/v7e-m+fp/hard\libnosys.a
END GROUP
LOAD d:/software/work/stm32cubeide_1.6.1/stm32cubeide/plugins/com.st.stm32cube.ide.mcu.externaltools.gnu-tools-for-stm32.9-2020-q2-update.win32_1.5.0.202011040924/tools/bin/../lib/gcc/arm-none-eabi/9.3.1/thumb/v7e-m+fp/hard/crtend.o
LOAD d:/software/work/stm32cubeide_1.6.1/stm32cubeide/plugins/com.st.stm32cube.ide.mcu.externaltools.gnu-tools-for-stm32.9-2020-q2-update.win32_1.5.0.202011040924/tools/bin/../lib/gcc/arm-none-eabi/9.3.1/thumb/v7e-m+fp/hard/crtn.o
                0x0000000020020000                _estack = (ORIGIN (RAM) + LENGTH (RAM))
                0x0000000000000200                _Min_Heap_Size = 0x200
                0x0000000000000400                _Min_Stack_Size = 0x400

.isr_vector     0x0000000008000000      0x188
                0x0000000008000000                . = ALIGN (0x4)
 *(.isr_vector)
 .isr_vector    0x0000000008000000      0x188 Core/Startup/startup_stm32f407vetx.o
                0x0000000008000000                g_pfnVectors
                0x0000000008000188                . = ALIGN (0x4)

.text           0x0000000008000190     0x2d6c
                0x0000000008000190                . = ALIGN (0x4)
 *(.text)
 .text          0x0000000008000190       0x40 d:/software/work/stm32cubeide_1.6.1/stm32cubeide/plugins/com.st.stm32cube.ide.mcu.externaltools.gnu-tools-for-stm32.9-2020-q2-update.win32_1.5.0.202011040924/tools/bin/../lib/gcc/arm-none-eabi/9.3.1/thumb/v7e-m+fp/hard/crtbegin.o
 .text          0x00000000080001d0       0xa0 d:/software/work/stm32cubeide_1.6.1/stm32cubeide/plugins/com.st.stm32cube.ide.mcu.externaltools.gnu-tools-for-stm32.9-2020-q2-update.win32_1.5.0.202011040924/tools/bin/../lib/gcc/arm-none-eabi/9.3.1/../../../../arm-none-eabi/lib/thumb/v7e-m+fp/hard\libc_nano.a(lib_a-memchr.o)
                0x00000000080001d0                memchr
 .text          0x0000000008000270       0x30 d:/software/work/stm32cubeide_1.6.1/stm32cubeide/plugins/com.st.stm32cube.ide.mcu.externaltools.gnu-tools-for-stm32.9-2020-q2-update.win32_1.5.0.202011040924/tools/bin/../lib/gcc/arm-none-eabi/9.3.1/thumb/v7e-m+fp/hard\libgcc.a(_aeabi_uldivmod.o)
                0x0000000008000270                __aeabi_uldivmod
 .text          0x00000000080002a0      0x2c4 d:/software/work/stm32cubeide_1.6.1/stm32cubeide/plugins/com.st.stm32cube.ide.mcu.externaltools.gnu-tools-for-stm32.9-2020-q2-update.win32_1.5.0.202011040924/tools/bin/../lib/gcc/arm-none-eabi/9.3.1/thumb/v7e-m+fp/hard\libgcc.a(_udivmoddi4.o)
                0x00000000080002a0                __udivmoddi4
 .text          0x0000000008000564        0x4 d:/software/work/stm32cubeide_1.6.1/stm32cubeide/plugins/com.st.stm32cube.ide.mcu.externaltools.gnu-tools-for-stm32.9-2020-q2-update.win32_1.5.0.202011040924/tools/bin/../lib/gcc/arm-none-eabi/9.3.1/thumb/v7e-m+fp/hard\libgcc.a(_dvmd_tls.o)
                0x0000000008000564                __aeabi_idiv0
                0x0000000008000564                __aeabi_ldiv0
 *(.text*)
 .text.LL_USART_IsActiveFlag_TC
                0x0000000008000568       0x26 Core/Src/MyPrint_LL.o
 .text.LL_USART_TransmitData8
                0x000000000800058e       0x1e Core/Src/MyPrint_LL.o
 .text.__io_putchar
                0x00000000080005ac       0x30 Core/Src/MyPrint_LL.o
                0x00000000080005ac                __io_putchar
 .text.DEBUG_PRINT
                0x00000000080005dc       0x20 Core/Src/MyPrint_LL.o
                0x00000000080005dc                DEBUG_PRINT
 .text.SW_BLUE_EXTI_Callback
                0x00000000080005fc        0xe Core/Src/exp_callback.o
                0x00000000080005fc                SW_BLUE_EXTI_Callback
 .text.SW_GREEN_EXTI_Callback
                0x000000000800060a        0xe Core/Src/exp_callback.o
                0x000000000800060a                SW_GREEN_EXTI_Callback
 .text.SW_RED_EXTI_Callback
                0x0000000008000618        0xe Core/Src/exp_callback.o
                0x0000000008000618                SW_RED_EXTI_Callback
 *fill*         0x0000000008000626        0x2 
 .text.__NVIC_GetPriorityGrouping
                0x0000000008000628       0x1c Core/Src/gpio.o
 .text.__NVIC_EnableIRQ
                0x0000000008000644       0x3c Core/Src/gpio.o
 .text.__NVIC_SetPriority
                0x0000000008000680       0x54 Core/Src/gpio.o
 .text.NVIC_EncodePriority
                0x00000000080006d4       0x66 Core/Src/gpio.o
 *fill*         0x000000000800073a        0x2 
 .text.LL_AHB1_GRP1_EnableClock
                0x000000000800073c       0x30 Core/Src/gpio.o
 .text.LL_SYSCFG_SetEXTISource
                0x000000000800076c       0x5c Core/Src/gpio.o
 .text.LL_GPIO_SetPinMode
                0x00000000080007c8       0x5e Core/Src/gpio.o
 .text.LL_GPIO_SetPinPull
                0x0000000008000826       0x5e Core/Src/gpio.o
 .text.LL_GPIO_SetOutputPin
                0x0000000008000884       0x1c Core/Src/gpio.o
 .text.MX_GPIO_Init
                0x00000000080008a0      0x178 Core/Src/gpio.o
                0x00000000080008a0                MX_GPIO_Init
 .text.__NVIC_SetPriorityGrouping
                0x0000000008000a18       0x48 Core/Src/main.o
 .text.LL_RCC_HSI_Enable
                0x0000000008000a60       0x20 Core/Src/main.o
 .text.LL_RCC_HSI_IsReady
                0x0000000008000a80       0x24 Core/Src/main.o
 .text.LL_RCC_HSI_SetCalibTrimming
                0x0000000008000aa4       0x2c Core/Src/main.o
 .text.LL_RCC_SetSysClkSource
                0x0000000008000ad0       0x28 Core/Src/main.o
 .text.LL_RCC_GetSysClkSource
                0x0000000008000af8       0x1c Core/Src/main.o
 .text.LL_RCC_SetAHBPrescaler
                0x0000000008000b14       0x28 Core/Src/main.o
 .text.LL_RCC_SetAPB1Prescaler
                0x0000000008000b3c       0x28 Core/Src/main.o
 .text.LL_RCC_SetAPB2Prescaler
                0x0000000008000b64       0x28 Core/Src/main.o
 .text.LL_APB1_GRP1_EnableClock
                0x0000000008000b8c       0x30 Core/Src/main.o
 .text.LL_APB2_GRP1_EnableClock
                0x0000000008000bbc       0x30 Core/Src/main.o
 .text.LL_FLASH_SetLatency
                0x0000000008000bec       0x28 Core/Src/main.o
 .text.LL_FLASH_GetLatency
                0x0000000008000c14       0x1c Core/Src/main.o
 .text.LL_PWR_SetRegulVoltageScaling
                0x0000000008000c30       0x28 Core/Src/main.o
 .text.main     0x0000000008000c58       0x44 Core/Src/main.o
                0x0000000008000c58                main
 .text.SystemClock_Config
                0x0000000008000c9c       0x6c Core/Src/main.o
                0x0000000008000c9c                SystemClock_Config
 .text.LL_EXTI_IsActiveFlag_0_31
                0x0000000008000d08       0x2c Core/Src/stm32f4xx_it.o
 .text.LL_EXTI_ClearFlag_0_31
                0x0000000008000d34       0x20 Core/Src/stm32f4xx_it.o
 .text.NMI_Handler
                0x0000000008000d54        0x6 Core/Src/stm32f4xx_it.o
                0x0000000008000d54                NMI_Handler
 .text.HardFault_Handler
                0x0000000008000d5a        0x6 Core/Src/stm32f4xx_it.o
                0x0000000008000d5a                HardFault_Handler
 .text.MemManage_Handler
                0x0000000008000d60        0x6 Core/Src/stm32f4xx_it.o
                0x0000000008000d60                MemManage_Handler
 .text.BusFault_Handler
                0x0000000008000d66        0x6 Core/Src/stm32f4xx_it.o
                0x0000000008000d66                BusFault_Handler
 .text.UsageFault_Handler
                0x0000000008000d6c        0x6 Core/Src/stm32f4xx_it.o
                0x0000000008000d6c                UsageFault_Handler
 .text.SVC_Handler
                0x0000000008000d72        0xe Core/Src/stm32f4xx_it.o
                0x0000000008000d72                SVC_Handler
 .text.DebugMon_Handler
                0x0000000008000d80        0xe Core/Src/stm32f4xx_it.o
                0x0000000008000d80                DebugMon_Handler
 .text.PendSV_Handler
                0x0000000008000d8e        0xe Core/Src/stm32f4xx_it.o
                0x0000000008000d8e                PendSV_Handler
 .text.SysTick_Handler
                0x0000000008000d9c        0xe Core/Src/stm32f4xx_it.o
                0x0000000008000d9c                SysTick_Handler
 .text.USART1_IRQHandler
                0x0000000008000daa        0xe Core/Src/stm32f4xx_it.o
                0x0000000008000daa                USART1_IRQHandler
 .text.EXTI15_10_IRQHandler
                0x0000000008000db8       0x56 Core/Src/stm32f4xx_it.o
                0x0000000008000db8                EXTI15_10_IRQHandler
 .text._read    0x0000000008000e0e       0x3a Core/Src/syscalls.o
                0x0000000008000e0e                _read
 .text._write   0x0000000008000e48       0x38 Core/Src/syscalls.o
                0x0000000008000e48                _write
 .text._close   0x0000000008000e80       0x18 Core/Src/syscalls.o
                0x0000000008000e80                _close
 .text._fstat   0x0000000008000e98       0x20 Core/Src/syscalls.o
                0x0000000008000e98                _fstat
 .text._isatty  0x0000000008000eb8       0x16 Core/Src/syscalls.o
                0x0000000008000eb8                _isatty
 .text._lseek   0x0000000008000ece       0x1a Core/Src/syscalls.o
                0x0000000008000ece                _lseek
 .text._sbrk    0x0000000008000ee8       0x6c Core/Src/sysmem.o
                0x0000000008000ee8                _sbrk
 .text.SystemInit
                0x0000000008000f54       0x24 Core/Src/system_stm32f4xx.o
                0x0000000008000f54                SystemInit
 .text.__NVIC_GetPriorityGrouping
                0x0000000008000f78       0x1c Core/Src/usart.o
 .text.__NVIC_EnableIRQ
                0x0000000008000f94       0x3c Core/Src/usart.o
 .text.__NVIC_SetPriority
                0x0000000008000fd0       0x54 Core/Src/usart.o
 .text.NVIC_EncodePriority
                0x0000000008001024       0x66 Core/Src/usart.o
 *fill*         0x000000000800108a        0x2 
 .text.LL_AHB1_GRP1_EnableClock
                0x000000000800108c       0x30 Core/Src/usart.o
 .text.LL_APB2_GRP1_EnableClock
                0x00000000080010bc       0x30 Core/Src/usart.o
 .text.LL_USART_Enable
                0x00000000080010ec       0x20 Core/Src/usart.o
 .text.LL_USART_ConfigAsyncMode
                0x000000000800110c       0x2c Core/Src/usart.o
 .text.MX_USART1_UART_Init
                0x0000000008001138       0xc0 Core/Src/usart.o
                0x0000000008001138                MX_USART1_UART_Init
 .text.Reset_Handler
                0x00000000080011f8       0x50 Core/Startup/startup_stm32f407vetx.o
                0x00000000080011f8                Reset_Handler
 .text.Default_Handler
                0x0000000008001248        0x2 Core/Startup/startup_stm32f407vetx.o
                0x0000000008001248                RTC_Alarm_IRQHandler
                0x0000000008001248                HASH_RNG_IRQHandler
                0x0000000008001248                EXTI2_IRQHandler
                0x0000000008001248                TIM8_CC_IRQHandler
                0x0000000008001248                TIM1_CC_IRQHandler
                0x0000000008001248                DMA2_Stream5_IRQHandler
                0x0000000008001248                DMA1_Stream5_IRQHandler
                0x0000000008001248                PVD_IRQHandler
                0x0000000008001248                SDIO_IRQHandler
                0x0000000008001248                TAMP_STAMP_IRQHandler
                0x0000000008001248                CAN2_RX1_IRQHandler
                0x0000000008001248                EXTI3_IRQHandler
                0x0000000008001248                TIM8_TRG_COM_TIM14_IRQHandler
                0x0000000008001248                TIM1_UP_TIM10_IRQHandler
                0x0000000008001248                TIM8_UP_TIM13_IRQHandler
                0x0000000008001248                I2C3_ER_IRQHandler
                0x0000000008001248                EXTI0_IRQHandler
                0x0000000008001248                I2C2_EV_IRQHandler
                0x0000000008001248                DMA1_Stream2_IRQHandler
                0x0000000008001248                CAN1_RX0_IRQHandler
                0x0000000008001248                FPU_IRQHandler
                0x0000000008001248                OTG_HS_WKUP_IRQHandler
                0x0000000008001248                CAN2_SCE_IRQHandler
                0x0000000008001248                DMA2_Stream2_IRQHandler
                0x0000000008001248                SPI1_IRQHandler
                0x0000000008001248                TIM6_DAC_IRQHandler
                0x0000000008001248                TIM1_BRK_TIM9_IRQHandler
                0x0000000008001248                DCMI_IRQHandler
                0x0000000008001248                CAN2_RX0_IRQHandler
                0x0000000008001248                DMA2_Stream3_IRQHandler
                0x0000000008001248                USART6_IRQHandler
                0x0000000008001248                USART3_IRQHandler
                0x0000000008001248                CAN1_RX1_IRQHandler
                0x0000000008001248                UART5_IRQHandler
                0x0000000008001248                DMA2_Stream0_IRQHandler
                0x0000000008001248                TIM4_IRQHandler
                0x0000000008001248                I2C1_EV_IRQHandler
                0x0000000008001248                DMA1_Stream6_IRQHandler
                0x0000000008001248                DMA1_Stream1_IRQHandler
                0x0000000008001248                UART4_IRQHandler
                0x0000000008001248                TIM3_IRQHandler
                0x0000000008001248                RCC_IRQHandler
                0x0000000008001248                TIM8_BRK_TIM12_IRQHandler
                0x0000000008001248                Default_Handler
                0x0000000008001248                ADC_IRQHandler
                0x0000000008001248                DMA1_Stream7_IRQHandler
                0x0000000008001248                TIM7_IRQHandler
                0x0000000008001248                CAN2_TX_IRQHandler
                0x0000000008001248                TIM5_IRQHandler
                0x0000000008001248                DMA2_Stream7_IRQHandler
                0x0000000008001248                I2C3_EV_IRQHandler
                0x0000000008001248                EXTI9_5_IRQHandler
                0x0000000008001248                RTC_WKUP_IRQHandler
                0x0000000008001248                ETH_WKUP_IRQHandler
                0x0000000008001248                SPI2_IRQHandler
                0x0000000008001248                OTG_HS_EP1_IN_IRQHandler
                0x0000000008001248                DMA1_Stream0_IRQHandler
                0x0000000008001248                CAN1_TX_IRQHandler
                0x0000000008001248                EXTI4_IRQHandler
                0x0000000008001248                FSMC_IRQHandler
                0x0000000008001248                ETH_IRQHandler
                0x0000000008001248                OTG_HS_EP1_OUT_IRQHandler
                0x0000000008001248                WWDG_IRQHandler
                0x0000000008001248                TIM2_IRQHandler
                0x0000000008001248                OTG_FS_WKUP_IRQHandler
                0x0000000008001248                TIM1_TRG_COM_TIM11_IRQHandler
                0x0000000008001248                OTG_HS_IRQHandler
                0x0000000008001248                EXTI1_IRQHandler
                0x0000000008001248                USART2_IRQHandler
                0x0000000008001248                I2C2_ER_IRQHandler
                0x0000000008001248                DMA2_Stream1_IRQHandler
                0x0000000008001248                CAN1_SCE_IRQHandler
                0x0000000008001248                FLASH_IRQHandler
                0x0000000008001248                DMA2_Stream4_IRQHandler
                0x0000000008001248                OTG_FS_IRQHandler
                0x0000000008001248                SPI3_IRQHandler
                0x0000000008001248                DMA1_Stream4_IRQHandler
                0x0000000008001248                I2C1_ER_IRQHandler
                0x0000000008001248                DMA2_Stream6_IRQHandler
                0x0000000008001248                DMA1_Stream3_IRQHandler
 *fill*         0x000000000800124a        0x2 
 .text.LL_EXTI_EnableIT_0_31
                0x000000000800124c       0x24 Drivers/STM32F4xx_HAL_Driver/Src/stm32f4xx_ll_exti.o
 .text.LL_EXTI_DisableIT_0_31
                0x0000000008001270       0x28 Drivers/STM32F4xx_HAL_Driver/Src/stm32f4xx_ll_exti.o
 .text.LL_EXTI_EnableEvent_0_31
                0x0000000008001298       0x24 Drivers/STM32F4xx_HAL_Driver/Src/stm32f4xx_ll_exti.o
 .text.LL_EXTI_DisableEvent_0_31
                0x00000000080012bc       0x28 Drivers/STM32F4xx_HAL_Driver/Src/stm32f4xx_ll_exti.o
 .text.LL_EXTI_EnableRisingTrig_0_31
                0x00000000080012e4       0x24 Drivers/STM32F4xx_HAL_Driver/Src/stm32f4xx_ll_exti.o
 .text.LL_EXTI_DisableRisingTrig_0_31
                0x0000000008001308       0x28 Drivers/STM32F4xx_HAL_Driver/Src/stm32f4xx_ll_exti.o
 .text.LL_EXTI_EnableFallingTrig_0_31
                0x0000000008001330       0x24 Drivers/STM32F4xx_HAL_Driver/Src/stm32f4xx_ll_exti.o
 .text.LL_EXTI_DisableFallingTrig_0_31
                0x0000000008001354       0x28 Drivers/STM32F4xx_HAL_Driver/Src/stm32f4xx_ll_exti.o
 .text.LL_EXTI_Init
                0x000000000800137c      0x102 Drivers/STM32F4xx_HAL_Driver/Src/stm32f4xx_ll_exti.o
                0x000000000800137c                LL_EXTI_Init
 .text.LL_GPIO_SetPinMode
                0x000000000800147e       0x5e Drivers/STM32F4xx_HAL_Driver/Src/stm32f4xx_ll_gpio.o
 .text.LL_GPIO_SetPinOutputType
                0x00000000080014dc       0x30 Drivers/STM32F4xx_HAL_Driver/Src/stm32f4xx_ll_gpio.o
 .text.LL_GPIO_SetPinSpeed
                0x000000000800150c       0x5e Drivers/STM32F4xx_HAL_Driver/Src/stm32f4xx_ll_gpio.o
 .text.LL_GPIO_SetPinPull
                0x000000000800156a       0x5e Drivers/STM32F4xx_HAL_Driver/Src/stm32f4xx_ll_gpio.o
 .text.LL_GPIO_SetAFPin_0_7
                0x00000000080015c8       0x5e Drivers/STM32F4xx_HAL_Driver/Src/stm32f4xx_ll_gpio.o
 .text.LL_GPIO_SetAFPin_8_15
                0x0000000008001626       0x62 Drivers/STM32F4xx_HAL_Driver/Src/stm32f4xx_ll_gpio.o
 .text.LL_GPIO_Init
                0x0000000008001688       0xe6 Drivers/STM32F4xx_HAL_Driver/Src/stm32f4xx_ll_gpio.o
                0x0000000008001688                LL_GPIO_Init
 *fill*         0x000000000800176e        0x2 
 .text.LL_RCC_GetSysClkSource
                0x0000000008001770       0x1c Drivers/STM32F4xx_HAL_Driver/Src/stm32f4xx_ll_rcc.o
 .text.LL_RCC_GetAHBPrescaler
                0x000000000800178c       0x1c Drivers/STM32F4xx_HAL_Driver/Src/stm32f4xx_ll_rcc.o
 .text.LL_RCC_GetAPB1Prescaler
                0x00000000080017a8       0x1c Drivers/STM32F4xx_HAL_Driver/Src/stm32f4xx_ll_rcc.o
 .text.LL_RCC_GetAPB2Prescaler
                0x00000000080017c4       0x1c Drivers/STM32F4xx_HAL_Driver/Src/stm32f4xx_ll_rcc.o
 .text.LL_RCC_PLL_GetMainSource
                0x00000000080017e0       0x1c Drivers/STM32F4xx_HAL_Driver/Src/stm32f4xx_ll_rcc.o
 .text.LL_RCC_PLL_GetN
                0x00000000080017fc       0x1c Drivers/STM32F4xx_HAL_Driver/Src/stm32f4xx_ll_rcc.o
 .text.LL_RCC_PLL_GetP
                0x0000000008001818       0x1c Drivers/STM32F4xx_HAL_Driver/Src/stm32f4xx_ll_rcc.o
 .text.LL_RCC_PLL_GetDivider
                0x0000000008001834       0x1c Drivers/STM32F4xx_HAL_Driver/Src/stm32f4xx_ll_rcc.o
 .text.LL_RCC_GetSystemClocksFreq
                0x0000000008001850       0x4a Drivers/STM32F4xx_HAL_Driver/Src/stm32f4xx_ll_rcc.o
                0x0000000008001850                LL_RCC_GetSystemClocksFreq
 *fill*         0x000000000800189a        0x2 
 .text.RCC_GetSystemClockFreq
                0x000000000800189c       0x50 Drivers/STM32F4xx_HAL_Driver/Src/stm32f4xx_ll_rcc.o
                0x000000000800189c                RCC_GetSystemClockFreq
 .text.RCC_GetHCLKClockFreq
                0x00000000080018ec       0x2c Drivers/STM32F4xx_HAL_Driver/Src/stm32f4xx_ll_rcc.o
                0x00000000080018ec                RCC_GetHCLKClockFreq
 .text.RCC_GetPCLK1ClockFreq
                0x0000000008001918       0x28 Drivers/STM32F4xx_HAL_Driver/Src/stm32f4xx_ll_rcc.o
                0x0000000008001918                RCC_GetPCLK1ClockFreq
 .text.RCC_GetPCLK2ClockFreq
                0x0000000008001940       0x28 Drivers/STM32F4xx_HAL_Driver/Src/stm32f4xx_ll_rcc.o
                0x0000000008001940                RCC_GetPCLK2ClockFreq
 .text.RCC_PLL_GetFreqDomain_SYS
                0x0000000008001968       0x7c Drivers/STM32F4xx_HAL_Driver/Src/stm32f4xx_ll_rcc.o
                0x0000000008001968                RCC_PLL_GetFreqDomain_SYS
 .text.LL_USART_IsEnabled
                0x00000000080019e4       0x28 Drivers/STM32F4xx_HAL_Driver/Src/stm32f4xx_ll_usart.o
 .text.LL_USART_SetStopBitsLength
                0x0000000008001a0c       0x26 Drivers/STM32F4xx_HAL_Driver/Src/stm32f4xx_ll_usart.o
 .text.LL_USART_SetHWFlowCtrl
                0x0000000008001a32       0x26 Drivers/STM32F4xx_HAL_Driver/Src/stm32f4xx_ll_usart.o
 .text.LL_USART_SetBaudRate
                0x0000000008001a58      0x320 Drivers/STM32F4xx_HAL_Driver/Src/stm32f4xx_ll_usart.o
 .text.LL_USART_Init
                0x0000000008001d78      0x100 Drivers/STM32F4xx_HAL_Driver/Src/stm32f4xx_ll_usart.o
                0x0000000008001d78                LL_USART_Init
 .text.LL_InitTick
                0x0000000008001e78       0x34 Drivers/STM32F4xx_HAL_Driver/Src/stm32f4xx_ll_utils.o
 .text.LL_Init1msTick
                0x0000000008001eac       0x1a Drivers/STM32F4xx_HAL_Driver/Src/stm32f4xx_ll_utils.o
                0x0000000008001eac                LL_Init1msTick
 *fill*         0x0000000008001ec6        0x2 
 .text.LL_SetSystemCoreClock
                0x0000000008001ec8       0x20 Drivers/STM32F4xx_HAL_Driver/Src/stm32f4xx_ll_utils.o
                0x0000000008001ec8                LL_SetSystemCoreClock
 .text.__errno  0x0000000008001ee8        0xc d:/software/work/stm32cubeide_1.6.1/stm32cubeide/plugins/com.st.stm32cube.ide.mcu.externaltools.gnu-tools-for-stm32.9-2020-q2-update.win32_1.5.0.202011040924/tools/bin/../lib/gcc/arm-none-eabi/9.3.1/../../../../arm-none-eabi/lib/thumb/v7e-m+fp/hard\libc_nano.a(lib_a-errno.o)
                0x0000000008001ee8                __errno
 .text.__libc_init_array
                0x0000000008001ef4       0x48 d:/software/work/stm32cubeide_1.6.1/stm32cubeide/plugins/com.st.stm32cube.ide.mcu.externaltools.gnu-tools-for-stm32.9-2020-q2-update.win32_1.5.0.202011040924/tools/bin/../lib/gcc/arm-none-eabi/9.3.1/../../../../arm-none-eabi/lib/thumb/v7e-m+fp/hard\libc_nano.a(lib_a-init.o)
                0x0000000008001ef4                __libc_init_array
 .text.memset   0x0000000008001f3c       0x10 d:/software/work/stm32cubeide_1.6.1/stm32cubeide/plugins/com.st.stm32cube.ide.mcu.externaltools.gnu-tools-for-stm32.9-2020-q2-update.win32_1.5.0.202011040924/tools/bin/../lib/gcc/arm-none-eabi/9.3.1/../../../../arm-none-eabi/lib/thumb/v7e-m+fp/hard\libc_nano.a(lib_a-memset.o)
                0x0000000008001f3c                memset
 .text.printf   0x0000000008001f4c       0x30 d:/software/work/stm32cubeide_1.6.1/stm32cubeide/plugins/com.st.stm32cube.ide.mcu.externaltools.gnu-tools-for-stm32.9-2020-q2-update.win32_1.5.0.202011040924/tools/bin/../lib/gcc/arm-none-eabi/9.3.1/../../../../arm-none-eabi/lib/thumb/v7e-m+fp/hard\libc_nano.a(lib_a-printf.o)
                0x0000000008001f4c                iprintf
                0x0000000008001f4c                printf
 .text._puts_r  0x0000000008001f7c       0xdc d:/software/work/stm32cubeide_1.6.1/stm32cubeide/plugins/com.st.stm32cube.ide.mcu.externaltools.gnu-tools-for-stm32.9-2020-q2-update.win32_1.5.0.202011040924/tools/bin/../lib/gcc/arm-none-eabi/9.3.1/../../../../arm-none-eabi/lib/thumb/v7e-m+fp/hard\libc_nano.a(lib_a-puts.o)
                0x0000000008001f7c                _puts_r
 .text.puts     0x0000000008002058       0x10 d:/software/work/stm32cubeide_1.6.1/stm32cubeide/plugins/com.st.stm32cube.ide.mcu.externaltools.gnu-tools-for-stm32.9-2020-q2-update.win32_1.5.0.202011040924/tools/bin/../lib/gcc/arm-none-eabi/9.3.1/../../../../arm-none-eabi/lib/thumb/v7e-m+fp/hard\libc_nano.a(lib_a-puts.o)
                0x0000000008002058                puts
 .text.__swbuf_r
                0x0000000008002068       0xa4 d:/software/work/stm32cubeide_1.6.1/stm32cubeide/plugins/com.st.stm32cube.ide.mcu.externaltools.gnu-tools-for-stm32.9-2020-q2-update.win32_1.5.0.202011040924/tools/bin/../lib/gcc/arm-none-eabi/9.3.1/../../../../arm-none-eabi/lib/thumb/v7e-m+fp/hard\libc_nano.a(lib_a-wbuf.o)
                0x0000000008002068                __swbuf_r
 .text.__swsetup_r
                0x000000000800210c       0xdc d:/software/work/stm32cubeide_1.6.1/stm32cubeide/plugins/com.st.stm32cube.ide.mcu.externaltools.gnu-tools-for-stm32.9-2020-q2-update.win32_1.5.0.202011040924/tools/bin/../lib/gcc/arm-none-eabi/9.3.1/../../../../arm-none-eabi/lib/thumb/v7e-m+fp/hard\libc_nano.a(lib_a-wsetup.o)
                0x000000000800210c                __swsetup_r
 .text.__sflush_r
                0x00000000080021e8      0x10c d:/software/work/stm32cubeide_1.6.1/stm32cubeide/plugins/com.st.stm32cube.ide.mcu.externaltools.gnu-tools-for-stm32.9-2020-q2-update.win32_1.5.0.202011040924/tools/bin/../lib/gcc/arm-none-eabi/9.3.1/../../../../arm-none-eabi/lib/thumb/v7e-m+fp/hard\libc_nano.a(lib_a-fflush.o)
                0x00000000080021e8                __sflush_r
 .text._fflush_r
                0x00000000080022f4       0x78 d:/software/work/stm32cubeide_1.6.1/stm32cubeide/plugins/com.st.stm32cube.ide.mcu.externaltools.gnu-tools-for-stm32.9-2020-q2-update.win32_1.5.0.202011040924/tools/bin/../lib/gcc/arm-none-eabi/9.3.1/../../../../arm-none-eabi/lib/thumb/v7e-m+fp/hard\libc_nano.a(lib_a-fflush.o)
                0x00000000080022f4                _fflush_r
 .text.std      0x000000000800236c       0x48 d:/software/work/stm32cubeide_1.6.1/stm32cubeide/plugins/com.st.stm32cube.ide.mcu.externaltools.gnu-tools-for-stm32.9-2020-q2-update.win32_1.5.0.202011040924/tools/bin/../lib/gcc/arm-none-eabi/9.3.1/../../../../arm-none-eabi/lib/thumb/v7e-m+fp/hard\libc_nano.a(lib_a-findfp.o)
 .text._cleanup_r
                0x00000000080023b4        0xc d:/software/work/stm32cubeide_1.6.1/stm32cubeide/plugins/com.st.stm32cube.ide.mcu.externaltools.gnu-tools-for-stm32.9-2020-q2-update.win32_1.5.0.202011040924/tools/bin/../lib/gcc/arm-none-eabi/9.3.1/../../../../arm-none-eabi/lib/thumb/v7e-m+fp/hard\libc_nano.a(lib_a-findfp.o)
                0x00000000080023b4                _cleanup_r
 .text.__sfmoreglue
                0x00000000080023c0       0x2c d:/software/work/stm32cubeide_1.6.1/stm32cubeide/plugins/com.st.stm32cube.ide.mcu.externaltools.gnu-tools-for-stm32.9-2020-q2-update.win32_1.5.0.202011040924/tools/bin/../lib/gcc/arm-none-eabi/9.3.1/../../../../arm-none-eabi/lib/thumb/v7e-m+fp/hard\libc_nano.a(lib_a-findfp.o)
                0x00000000080023c0                __sfmoreglue
 .text.__sfp_lock_acquire
                0x00000000080023ec        0xc d:/software/work/stm32cubeide_1.6.1/stm32cubeide/plugins/com.st.stm32cube.ide.mcu.externaltools.gnu-tools-for-stm32.9-2020-q2-update.win32_1.5.0.202011040924/tools/bin/../lib/gcc/arm-none-eabi/9.3.1/../../../../arm-none-eabi/lib/thumb/v7e-m+fp/hard\libc_nano.a(lib_a-findfp.o)
                0x00000000080023ec                __sfp_lock_acquire
 .text.__sfp_lock_release
                0x00000000080023f8        0xc d:/software/work/stm32cubeide_1.6.1/stm32cubeide/plugins/com.st.stm32cube.ide.mcu.externaltools.gnu-tools-for-stm32.9-2020-q2-update.win32_1.5.0.202011040924/tools/bin/../lib/gcc/arm-none-eabi/9.3.1/../../../../arm-none-eabi/lib/thumb/v7e-m+fp/hard\libc_nano.a(lib_a-findfp.o)
                0x00000000080023f8                __sfp_lock_release
 .text.__sinit_lock_acquire
                0x0000000008002404        0xc d:/software/work/stm32cubeide_1.6.1/stm32cubeide/plugins/com.st.stm32cube.ide.mcu.externaltools.gnu-tools-for-stm32.9-2020-q2-update.win32_1.5.0.202011040924/tools/bin/../lib/gcc/arm-none-eabi/9.3.1/../../../../arm-none-eabi/lib/thumb/v7e-m+fp/hard\libc_nano.a(lib_a-findfp.o)
                0x0000000008002404                __sinit_lock_acquire
 .text.__sinit_lock_release
                0x0000000008002410        0xc d:/software/work/stm32cubeide_1.6.1/stm32cubeide/plugins/com.st.stm32cube.ide.mcu.externaltools.gnu-tools-for-stm32.9-2020-q2-update.win32_1.5.0.202011040924/tools/bin/../lib/gcc/arm-none-eabi/9.3.1/../../../../arm-none-eabi/lib/thumb/v7e-m+fp/hard\libc_nano.a(lib_a-findfp.o)
                0x0000000008002410                __sinit_lock_release
 .text.__sinit  0x000000000800241c       0x70 d:/software/work/stm32cubeide_1.6.1/stm32cubeide/plugins/com.st.stm32cube.ide.mcu.externaltools.gnu-tools-for-stm32.9-2020-q2-update.win32_1.5.0.202011040924/tools/bin/../lib/gcc/arm-none-eabi/9.3.1/../../../../arm-none-eabi/lib/thumb/v7e-m+fp/hard\libc_nano.a(lib_a-findfp.o)
                0x000000000800241c                __sinit
 .text.__sfp    0x000000000800248c       0x8c d:/software/work/stm32cubeide_1.6.1/stm32cubeide/plugins/com.st.stm32cube.ide.mcu.externaltools.gnu-tools-for-stm32.9-2020-q2-update.win32_1.5.0.202011040924/tools/bin/../lib/gcc/arm-none-eabi/9.3.1/../../../../arm-none-eabi/lib/thumb/v7e-m+fp/hard\libc_nano.a(lib_a-findfp.o)
                0x000000000800248c                __sfp
 .text._fwalk_reent
                0x0000000008002518       0x3e d:/software/work/stm32cubeide_1.6.1/stm32cubeide/plugins/com.st.stm32cube.ide.mcu.externaltools.gnu-tools-for-stm32.9-2020-q2-update.win32_1.5.0.202011040924/tools/bin/../lib/gcc/arm-none-eabi/9.3.1/../../../../arm-none-eabi/lib/thumb/v7e-m+fp/hard\libc_nano.a(lib_a-fwalk.o)
                0x0000000008002518                _fwalk_reent
 .text.__retarget_lock_init_recursive
                0x0000000008002556        0x2 d:/software/work/stm32cubeide_1.6.1/stm32cubeide/plugins/com.st.stm32cube.ide.mcu.externaltools.gnu-tools-for-stm32.9-2020-q2-update.win32_1.5.0.202011040924/tools/bin/../lib/gcc/arm-none-eabi/9.3.1/../../../../arm-none-eabi/lib/thumb/v7e-m+fp/hard\libc_nano.a(lib_a-lock.o)
                0x0000000008002556                __retarget_lock_init_recursive
 .text.__retarget_lock_acquire_recursive
                0x0000000008002558        0x2 d:/software/work/stm32cubeide_1.6.1/stm32cubeide/plugins/com.st.stm32cube.ide.mcu.externaltools.gnu-tools-for-stm32.9-2020-q2-update.win32_1.5.0.202011040924/tools/bin/../lib/gcc/arm-none-eabi/9.3.1/../../../../arm-none-eabi/lib/thumb/v7e-m+fp/hard\libc_nano.a(lib_a-lock.o)
                0x0000000008002558                __retarget_lock_acquire_recursive
 .text.__retarget_lock_release_recursive
                0x000000000800255a        0x2 d:/software/work/stm32cubeide_1.6.1/stm32cubeide/plugins/com.st.stm32cube.ide.mcu.externaltools.gnu-tools-for-stm32.9-2020-q2-update.win32_1.5.0.202011040924/tools/bin/../lib/gcc/arm-none-eabi/9.3.1/../../../../arm-none-eabi/lib/thumb/v7e-m+fp/hard\libc_nano.a(lib_a-lock.o)
                0x000000000800255a                __retarget_lock_release_recursive
 .text.__swhatbuf_r
                0x000000000800255c       0x48 d:/software/work/stm32cubeide_1.6.1/stm32cubeide/plugins/com.st.stm32cube.ide.mcu.externaltools.gnu-tools-for-stm32.9-2020-q2-update.win32_1.5.0.202011040924/tools/bin/../lib/gcc/arm-none-eabi/9.3.1/../../../../arm-none-eabi/lib/thumb/v7e-m+fp/hard\libc_nano.a(lib_a-makebuf.o)
                0x000000000800255c                __swhatbuf_r
 .text.__smakebuf_r
                0x00000000080025a4       0x80 d:/software/work/stm32cubeide_1.6.1/stm32cubeide/plugins/com.st.stm32cube.ide.mcu.externaltools.gnu-tools-for-stm32.9-2020-q2-update.win32_1.5.0.202011040924/tools/bin/../lib/gcc/arm-none-eabi/9.3.1/../../../../arm-none-eabi/lib/thumb/v7e-m+fp/hard\libc_nano.a(lib_a-makebuf.o)
                0x00000000080025a4                __smakebuf_r
 .text._free_r  0x0000000008002624       0xa0 d:/software/work/stm32cubeide_1.6.1/stm32cubeide/plugins/com.st.stm32cube.ide.mcu.externaltools.gnu-tools-for-stm32.9-2020-q2-update.win32_1.5.0.202011040924/tools/bin/../lib/gcc/arm-none-eabi/9.3.1/../../../../arm-none-eabi/lib/thumb/v7e-m+fp/hard\libc_nano.a(lib_a-nano-freer.o)
                0x0000000008002624                _free_r
 .text._malloc_r
                0x00000000080026c4       0xb4 d:/software/work/stm32cubeide_1.6.1/stm32cubeide/plugins/com.st.stm32cube.ide.mcu.externaltools.gnu-tools-for-stm32.9-2020-q2-update.win32_1.5.0.202011040924/tools/bin/../lib/gcc/arm-none-eabi/9.3.1/../../../../arm-none-eabi/lib/thumb/v7e-m+fp/hard\libc_nano.a(lib_a-nano-mallocr.o)
                0x00000000080026c4                _malloc_r
 .text.__sfputc_r
                0x0000000008002778       0x2e d:/software/work/stm32cubeide_1.6.1/stm32cubeide/plugins/com.st.stm32cube.ide.mcu.externaltools.gnu-tools-for-stm32.9-2020-q2-update.win32_1.5.0.202011040924/tools/bin/../lib/gcc/arm-none-eabi/9.3.1/../../../../arm-none-eabi/lib/thumb/v7e-m+fp/hard\libc_nano.a(lib_a-nano-vfprintf.o)
 .text.__sfputs_r
                0x00000000080027a6       0x24 d:/software/work/stm32cubeide_1.6.1/stm32cubeide/plugins/com.st.stm32cube.ide.mcu.externaltools.gnu-tools-for-stm32.9-2020-q2-update.win32_1.5.0.202011040924/tools/bin/../lib/gcc/arm-none-eabi/9.3.1/../../../../arm-none-eabi/lib/thumb/v7e-m+fp/hard\libc_nano.a(lib_a-nano-vfprintf.o)
                0x00000000080027a6                __sfputs_r
 *fill*         0x00000000080027ca        0x2 
 .text._vfprintf_r
                0x00000000080027cc      0x260 d:/software/work/stm32cubeide_1.6.1/stm32cubeide/plugins/com.st.stm32cube.ide.mcu.externaltools.gnu-tools-for-stm32.9-2020-q2-update.win32_1.5.0.202011040924/tools/bin/../lib/gcc/arm-none-eabi/9.3.1/../../../../arm-none-eabi/lib/thumb/v7e-m+fp/hard\libc_nano.a(lib_a-nano-vfprintf.o)
                0x00000000080027cc                _vfprintf_r
                0x00000000080027cc                _vfiprintf_r
 .text._printf_common
                0x0000000008002a2c       0xda d:/software/work/stm32cubeide_1.6.1/stm32cubeide/plugins/com.st.stm32cube.ide.mcu.externaltools.gnu-tools-for-stm32.9-2020-q2-update.win32_1.5.0.202011040924/tools/bin/../lib/gcc/arm-none-eabi/9.3.1/../../../../arm-none-eabi/lib/thumb/v7e-m+fp/hard\libc_nano.a(lib_a-nano-vfprintf_i.o)
                0x0000000008002a2c                _printf_common
 *fill*         0x0000000008002b06        0x2 
 .text._printf_i
                0x0000000008002b08      0x24c d:/software/work/stm32cubeide_1.6.1/stm32cubeide/plugins/com.st.stm32cube.ide.mcu.externaltools.gnu-tools-for-stm32.9-2020-q2-update.win32_1.5.0.202011040924/tools/bin/../lib/gcc/arm-none-eabi/9.3.1/../../../../arm-none-eabi/lib/thumb/v7e-m+fp/hard\libc_nano.a(lib_a-nano-vfprintf_i.o)
                0x0000000008002b08                _printf_i
 .text._sbrk_r  0x0000000008002d54       0x20 d:/software/work/stm32cubeide_1.6.1/stm32cubeide/plugins/com.st.stm32cube.ide.mcu.externaltools.gnu-tools-for-stm32.9-2020-q2-update.win32_1.5.0.202011040924/tools/bin/../lib/gcc/arm-none-eabi/9.3.1/../../../../arm-none-eabi/lib/thumb/v7e-m+fp/hard\libc_nano.a(lib_a-sbrkr.o)
                0x0000000008002d54                _sbrk_r
 .text.__sread  0x0000000008002d74       0x22 d:/software/work/stm32cubeide_1.6.1/stm32cubeide/plugins/com.st.stm32cube.ide.mcu.externaltools.gnu-tools-for-stm32.9-2020-q2-update.win32_1.5.0.202011040924/tools/bin/../lib/gcc/arm-none-eabi/9.3.1/../../../../arm-none-eabi/lib/thumb/v7e-m+fp/hard\libc_nano.a(lib_a-stdio.o)
                0x0000000008002d74                __sread
 .text.__swrite
                0x0000000008002d96       0x38 d:/software/work/stm32cubeide_1.6.1/stm32cubeide/plugins/com.st.stm32cube.ide.mcu.externaltools.gnu-tools-for-stm32.9-2020-q2-update.win32_1.5.0.202011040924/tools/bin/../lib/gcc/arm-none-eabi/9.3.1/../../../../arm-none-eabi/lib/thumb/v7e-m+fp/hard\libc_nano.a(lib_a-stdio.o)
                0x0000000008002d96                __swrite
 .text.__sseek  0x0000000008002dce       0x24 d:/software/work/stm32cubeide_1.6.1/stm32cubeide/plugins/com.st.stm32cube.ide.mcu.externaltools.gnu-tools-for-stm32.9-2020-q2-update.win32_1.5.0.202011040924/tools/bin/../lib/gcc/arm-none-eabi/9.3.1/../../../../arm-none-eabi/lib/thumb/v7e-m+fp/hard\libc_nano.a(lib_a-stdio.o)
                0x0000000008002dce                __sseek
 .text.__sclose
                0x0000000008002df2        0x8 d:/software/work/stm32cubeide_1.6.1/stm32cubeide/plugins/com.st.stm32cube.ide.mcu.externaltools.gnu-tools-for-stm32.9-2020-q2-update.win32_1.5.0.202011040924/tools/bin/../lib/gcc/arm-none-eabi/9.3.1/../../../../arm-none-eabi/lib/thumb/v7e-m+fp/hard\libc_nano.a(lib_a-stdio.o)
                0x0000000008002df2                __sclose
 *fill*         0x0000000008002dfa        0x2 
 .text._write_r
                0x0000000008002dfc       0x24 d:/software/work/stm32cubeide_1.6.1/stm32cubeide/plugins/com.st.stm32cube.ide.mcu.externaltools.gnu-tools-for-stm32.9-2020-q2-update.win32_1.5.0.202011040924/tools/bin/../lib/gcc/arm-none-eabi/9.3.1/../../../../arm-none-eabi/lib/thumb/v7e-m+fp/hard\libc_nano.a(lib_a-writer.o)
                0x0000000008002dfc                _write_r
 .text._close_r
                0x0000000008002e20       0x20 d:/software/work/stm32cubeide_1.6.1/stm32cubeide/plugins/com.st.stm32cube.ide.mcu.externaltools.gnu-tools-for-stm32.9-2020-q2-update.win32_1.5.0.202011040924/tools/bin/../lib/gcc/arm-none-eabi/9.3.1/../../../../arm-none-eabi/lib/thumb/v7e-m+fp/hard\libc_nano.a(lib_a-closer.o)
                0x0000000008002e20                _close_r
 .text._fstat_r
                0x0000000008002e40       0x24 d:/software/work/stm32cubeide_1.6.1/stm32cubeide/plugins/com.st.stm32cube.ide.mcu.externaltools.gnu-tools-for-stm32.9-2020-q2-update.win32_1.5.0.202011040924/tools/bin/../lib/gcc/arm-none-eabi/9.3.1/../../../../arm-none-eabi/lib/thumb/v7e-m+fp/hard\libc_nano.a(lib_a-fstatr.o)
                0x0000000008002e40                _fstat_r
 .text._isatty_r
                0x0000000008002e64       0x20 d:/software/work/stm32cubeide_1.6.1/stm32cubeide/plugins/com.st.stm32cube.ide.mcu.externaltools.gnu-tools-for-stm32.9-2020-q2-update.win32_1.5.0.202011040924/tools/bin/../lib/gcc/arm-none-eabi/9.3.1/../../../../arm-none-eabi/lib/thumb/v7e-m+fp/hard\libc_nano.a(lib_a-isattyr.o)
                0x0000000008002e64                _isatty_r
 .text._lseek_r
                0x0000000008002e84       0x24 d:/software/work/stm32cubeide_1.6.1/stm32cubeide/plugins/com.st.stm32cube.ide.mcu.externaltools.gnu-tools-for-stm32.9-2020-q2-update.win32_1.5.0.202011040924/tools/bin/../lib/gcc/arm-none-eabi/9.3.1/../../../../arm-none-eabi/lib/thumb/v7e-m+fp/hard\libc_nano.a(lib_a-lseekr.o)
                0x0000000008002e84                _lseek_r
 .text.__malloc_lock
                0x0000000008002ea8        0xc d:/software/work/stm32cubeide_1.6.1/stm32cubeide/plugins/com.st.stm32cube.ide.mcu.externaltools.gnu-tools-for-stm32.9-2020-q2-update.win32_1.5.0.202011040924/tools/bin/../lib/gcc/arm-none-eabi/9.3.1/../../../../arm-none-eabi/lib/thumb/v7e-m+fp/hard\libc_nano.a(lib_a-mlock.o)
                0x0000000008002ea8                __malloc_lock
 .text.__malloc_unlock
                0x0000000008002eb4        0xc d:/software/work/stm32cubeide_1.6.1/stm32cubeide/plugins/com.st.stm32cube.ide.mcu.externaltools.gnu-tools-for-stm32.9-2020-q2-update.win32_1.5.0.202011040924/tools/bin/../lib/gcc/arm-none-eabi/9.3.1/../../../../arm-none-eabi/lib/thumb/v7e-m+fp/hard\libc_nano.a(lib_a-mlock.o)
                0x0000000008002eb4                __malloc_unlock
 .text._read_r  0x0000000008002ec0       0x24 d:/software/work/stm32cubeide_1.6.1/stm32cubeide/plugins/com.st.stm32cube.ide.mcu.externaltools.gnu-tools-for-stm32.9-2020-q2-update.win32_1.5.0.202011040924/tools/bin/../lib/gcc/arm-none-eabi/9.3.1/../../../../arm-none-eabi/lib/thumb/v7e-m+fp/hard\libc_nano.a(lib_a-readr.o)
                0x0000000008002ec0                _read_r
 *(.glue_7)
 .glue_7        0x0000000008002ee4        0x0 linker stubs
 *(.glue_7t)
 .glue_7t       0x0000000008002ee4        0x0 linker stubs
 *(.eh_frame)
 .eh_frame      0x0000000008002ee4        0x0 d:/software/work/stm32cubeide_1.6.1/stm32cubeide/plugins/com.st.stm32cube.ide.mcu.externaltools.gnu-tools-for-stm32.9-2020-q2-update.win32_1.5.0.202011040924/tools/bin/../lib/gcc/arm-none-eabi/9.3.1/thumb/v7e-m+fp/hard/crtbegin.o
 *(.init)
 .init          0x0000000008002ee4        0x4 d:/software/work/stm32cubeide_1.6.1/stm32cubeide/plugins/com.st.stm32cube.ide.mcu.externaltools.gnu-tools-for-stm32.9-2020-q2-update.win32_1.5.0.202011040924/tools/bin/../lib/gcc/arm-none-eabi/9.3.1/thumb/v7e-m+fp/hard/crti.o
                0x0000000008002ee4                _init
 .init          0x0000000008002ee8        0x8 d:/software/work/stm32cubeide_1.6.1/stm32cubeide/plugins/com.st.stm32cube.ide.mcu.externaltools.gnu-tools-for-stm32.9-2020-q2-update.win32_1.5.0.202011040924/tools/bin/../lib/gcc/arm-none-eabi/9.3.1/thumb/v7e-m+fp/hard/crtn.o
 *(.fini)
 .fini          0x0000000008002ef0        0x4 d:/software/work/stm32cubeide_1.6.1/stm32cubeide/plugins/com.st.stm32cube.ide.mcu.externaltools.gnu-tools-for-stm32.9-2020-q2-update.win32_1.5.0.202011040924/tools/bin/../lib/gcc/arm-none-eabi/9.3.1/thumb/v7e-m+fp/hard/crti.o
                0x0000000008002ef0                _fini
 .fini          0x0000000008002ef4        0x8 d:/software/work/stm32cubeide_1.6.1/stm32cubeide/plugins/com.st.stm32cube.ide.mcu.externaltools.gnu-tools-for-stm32.9-2020-q2-update.win32_1.5.0.202011040924/tools/bin/../lib/gcc/arm-none-eabi/9.3.1/thumb/v7e-m+fp/hard/crtn.o
                0x0000000008002efc                . = ALIGN (0x4)
                0x0000000008002efc                _etext = .

.vfp11_veneer   0x0000000008002efc        0x0
 .vfp11_veneer  0x0000000008002efc        0x0 linker stubs

.v4_bx          0x0000000008002efc        0x0
 .v4_bx         0x0000000008002efc        0x0 linker stubs

.iplt           0x0000000008002efc        0x0
 .iplt          0x0000000008002efc        0x0 d:/software/work/stm32cubeide_1.6.1/stm32cubeide/plugins/com.st.stm32cube.ide.mcu.externaltools.gnu-tools-for-stm32.9-2020-q2-update.win32_1.5.0.202011040924/tools/bin/../lib/gcc/arm-none-eabi/9.3.1/thumb/v7e-m+fp/hard/crtbegin.o

.rodata         0x0000000008002efc       0xec
                0x0000000008002efc                . = ALIGN (0x4)
 *(.rodata)
 .rodata        0x0000000008002efc        0x8 Core/Src/MyPrint_LL.o
 .rodata        0x0000000008002f04       0x33 Core/Src/main.o
 *(.rodata*)
 *fill*         0x0000000008002f37        0x1 
 .rodata.AHBPrescTable
                0x0000000008002f38       0x10 Core/Src/system_stm32f4xx.o
                0x0000000008002f38                AHBPrescTable
 .rodata.APBPrescTable
                0x0000000008002f48        0x8 Core/Src/system_stm32f4xx.o
                0x0000000008002f48                APBPrescTable
 .rodata._global_impure_ptr
                0x0000000008002f50        0x4 d:/software/work/stm32cubeide_1.6.1/stm32cubeide/plugins/com.st.stm32cube.ide.mcu.externaltools.gnu-tools-for-stm32.9-2020-q2-update.win32_1.5.0.202011040924/tools/bin/../lib/gcc/arm-none-eabi/9.3.1/../../../../arm-none-eabi/lib/thumb/v7e-m+fp/hard\libc_nano.a(lib_a-impure.o)
                0x0000000008002f50                _global_impure_ptr
 .rodata.__sf_fake_stderr
                0x0000000008002f54       0x20 d:/software/work/stm32cubeide_1.6.1/stm32cubeide/plugins/com.st.stm32cube.ide.mcu.externaltools.gnu-tools-for-stm32.9-2020-q2-update.win32_1.5.0.202011040924/tools/bin/../lib/gcc/arm-none-eabi/9.3.1/../../../../arm-none-eabi/lib/thumb/v7e-m+fp/hard\libc_nano.a(lib_a-findfp.o)
                0x0000000008002f54                __sf_fake_stderr
 .rodata.__sf_fake_stdin
                0x0000000008002f74       0x20 d:/software/work/stm32cubeide_1.6.1/stm32cubeide/plugins/com.st.stm32cube.ide.mcu.externaltools.gnu-tools-for-stm32.9-2020-q2-update.win32_1.5.0.202011040924/tools/bin/../lib/gcc/arm-none-eabi/9.3.1/../../../../arm-none-eabi/lib/thumb/v7e-m+fp/hard\libc_nano.a(lib_a-findfp.o)
                0x0000000008002f74                __sf_fake_stdin
 .rodata.__sf_fake_stdout
                0x0000000008002f94       0x20 d:/software/work/stm32cubeide_1.6.1/stm32cubeide/plugins/com.st.stm32cube.ide.mcu.externaltools.gnu-tools-for-stm32.9-2020-q2-update.win32_1.5.0.202011040924/tools/bin/../lib/gcc/arm-none-eabi/9.3.1/../../../../arm-none-eabi/lib/thumb/v7e-m+fp/hard\libc_nano.a(lib_a-findfp.o)
                0x0000000008002f94                __sf_fake_stdout
 .rodata._vfprintf_r.str1.1
                0x0000000008002fb4       0x11 d:/software/work/stm32cubeide_1.6.1/stm32cubeide/plugins/com.st.stm32cube.ide.mcu.externaltools.gnu-tools-for-stm32.9-2020-q2-update.win32_1.5.0.202011040924/tools/bin/../lib/gcc/arm-none-eabi/9.3.1/../../../../arm-none-eabi/lib/thumb/v7e-m+fp/hard\libc_nano.a(lib_a-nano-vfprintf.o)
 .rodata._printf_i.str1.1
                0x0000000008002fc5       0x22 d:/software/work/stm32cubeide_1.6.1/stm32cubeide/plugins/com.st.stm32cube.ide.mcu.externaltools.gnu-tools-for-stm32.9-2020-q2-update.win32_1.5.0.202011040924/tools/bin/../lib/gcc/arm-none-eabi/9.3.1/../../../../arm-none-eabi/lib/thumb/v7e-m+fp/hard\libc_nano.a(lib_a-nano-vfprintf_i.o)
                0x0000000008002fe8                . = ALIGN (0x4)
 *fill*         0x0000000008002fe7        0x1 

.ARM.extab      0x0000000008002fe8        0x0
                0x0000000008002fe8                . = ALIGN (0x4)
 *(.ARM.extab* .gnu.linkonce.armextab.*)
                0x0000000008002fe8                . = ALIGN (0x4)

.ARM            0x0000000008002fe8        0x8
                0x0000000008002fe8                . = ALIGN (0x4)
                0x0000000008002fe8                __exidx_start = .
 *(.ARM.exidx*)
 .ARM.exidx     0x0000000008002fe8        0x8 d:/software/work/stm32cubeide_1.6.1/stm32cubeide/plugins/com.st.stm32cube.ide.mcu.externaltools.gnu-tools-for-stm32.9-2020-q2-update.win32_1.5.0.202011040924/tools/bin/../lib/gcc/arm-none-eabi/9.3.1/thumb/v7e-m+fp/hard\libgcc.a(_udivmoddi4.o)
                0x0000000008002ff0                __exidx_end = .
                0x0000000008002ff0                . = ALIGN (0x4)

.rel.dyn        0x0000000008002ff0        0x0
 .rel.iplt      0x0000000008002ff0        0x0 d:/software/work/stm32cubeide_1.6.1/stm32cubeide/plugins/com.st.stm32cube.ide.mcu.externaltools.gnu-tools-for-stm32.9-2020-q2-update.win32_1.5.0.202011040924/tools/bin/../lib/gcc/arm-none-eabi/9.3.1/thumb/v7e-m+fp/hard/crtbegin.o

.preinit_array  0x0000000008002ff0        0x0
                0x0000000008002ff0                . = ALIGN (0x4)
                0x0000000008002ff0                PROVIDE (__preinit_array_start = .)
 *(.preinit_array*)
                0x0000000008002ff0                PROVIDE (__preinit_array_end = .)
                0x0000000008002ff0                . = ALIGN (0x4)

.init_array     0x0000000008002ff0        0x4
                0x0000000008002ff0                . = ALIGN (0x4)
                0x0000000008002ff0                PROVIDE (__init_array_start = .)
 *(SORT_BY_NAME(.init_array.*))
 *(.init_array*)
 .init_array    0x0000000008002ff0        0x4 d:/software/work/stm32cubeide_1.6.1/stm32cubeide/plugins/com.st.stm32cube.ide.mcu.externaltools.gnu-tools-for-stm32.9-2020-q2-update.win32_1.5.0.202011040924/tools/bin/../lib/gcc/arm-none-eabi/9.3.1/thumb/v7e-m+fp/hard/crtbegin.o
                0x0000000008002ff4                PROVIDE (__init_array_end = .)
                0x0000000008002ff4                . = ALIGN (0x4)

.fini_array     0x0000000008002ff4        0x4
                0x0000000008002ff4                . = ALIGN (0x4)
                [!provide]                        PROVIDE (__fini_array_start = .)
 *(SORT_BY_NAME(.fini_array.*))
 *(.fini_array*)
 .fini_array    0x0000000008002ff4        0x4 d:/software/work/stm32cubeide_1.6.1/stm32cubeide/plugins/com.st.stm32cube.ide.mcu.externaltools.gnu-tools-for-stm32.9-2020-q2-update.win32_1.5.0.202011040924/tools/bin/../lib/gcc/arm-none-eabi/9.3.1/thumb/v7e-m+fp/hard/crtbegin.o
                [!provide]                        PROVIDE (__fini_array_end = .)
                0x0000000008002ff8                . = ALIGN (0x4)
                0x0000000008002ff8                _sidata = LOADADDR (.data)

.data           0x0000000020000000       0x68 load address 0x0000000008002ff8
                0x0000000020000000                . = ALIGN (0x4)
                0x0000000020000000                _sdata = .
 *(.data)
 *(.data*)
 .data.SystemCoreClock
                0x0000000020000000        0x4 Core/Src/system_stm32f4xx.o
                0x0000000020000000                SystemCoreClock
 .data._impure_ptr
                0x0000000020000004        0x4 d:/software/work/stm32cubeide_1.6.1/stm32cubeide/plugins/com.st.stm32cube.ide.mcu.externaltools.gnu-tools-for-stm32.9-2020-q2-update.win32_1.5.0.202011040924/tools/bin/../lib/gcc/arm-none-eabi/9.3.1/../../../../arm-none-eabi/lib/thumb/v7e-m+fp/hard\libc_nano.a(lib_a-impure.o)
                0x0000000020000004                _impure_ptr
 .data.impure_data
                0x0000000020000008       0x60 d:/software/work/stm32cubeide_1.6.1/stm32cubeide/plugins/com.st.stm32cube.ide.mcu.externaltools.gnu-tools-for-stm32.9-2020-q2-update.win32_1.5.0.202011040924/tools/bin/../lib/gcc/arm-none-eabi/9.3.1/../../../../arm-none-eabi/lib/thumb/v7e-m+fp/hard\libc_nano.a(lib_a-impure.o)
 *(.RamFunc)
 *(.RamFunc*)
                0x0000000020000068                . = ALIGN (0x4)
                0x0000000020000068                _edata = .

.igot.plt       0x0000000020000068        0x0 load address 0x0000000008003060
 .igot.plt      0x0000000020000068        0x0 d:/software/work/stm32cubeide_1.6.1/stm32cubeide/plugins/com.st.stm32cube.ide.mcu.externaltools.gnu-tools-for-stm32.9-2020-q2-update.win32_1.5.0.202011040924/tools/bin/../lib/gcc/arm-none-eabi/9.3.1/thumb/v7e-m+fp/hard/crtbegin.o
                0x0000000020000068                . = ALIGN (0x4)

.bss            0x0000000020000068       0x38 load address 0x0000000008003060
                0x0000000020000068                _sbss = .
                0x0000000020000068                __bss_start__ = _sbss
 *(.bss)
 .bss           0x0000000020000068       0x1c d:/software/work/stm32cubeide_1.6.1/stm32cubeide/plugins/com.st.stm32cube.ide.mcu.externaltools.gnu-tools-for-stm32.9-2020-q2-update.win32_1.5.0.202011040924/tools/bin/../lib/gcc/arm-none-eabi/9.3.1/thumb/v7e-m+fp/hard/crtbegin.o
 *(.bss*)
 .bss.__sbrk_heap_end
                0x0000000020000084        0x4 Core/Src/sysmem.o
 .bss.__malloc_free_list
                0x0000000020000088        0x4 d:/software/work/stm32cubeide_1.6.1/stm32cubeide/plugins/com.st.stm32cube.ide.mcu.externaltools.gnu-tools-for-stm32.9-2020-q2-update.win32_1.5.0.202011040924/tools/bin/../lib/gcc/arm-none-eabi/9.3.1/../../../../arm-none-eabi/lib/thumb/v7e-m+fp/hard\libc_nano.a(lib_a-nano-mallocr.o)
                0x0000000020000088                __malloc_free_list
 .bss.__malloc_sbrk_start
                0x000000002000008c        0x4 d:/software/work/stm32cubeide_1.6.1/stm32cubeide/plugins/com.st.stm32cube.ide.mcu.externaltools.gnu-tools-for-stm32.9-2020-q2-update.win32_1.5.0.202011040924/tools/bin/../lib/gcc/arm-none-eabi/9.3.1/../../../../arm-none-eabi/lib/thumb/v7e-m+fp/hard\libc_nano.a(lib_a-nano-mallocr.o)
                0x000000002000008c                __malloc_sbrk_start
 *(COMMON)
 COMMON         0x0000000020000090        0x9 d:/software/work/stm32cubeide_1.6.1/stm32cubeide/plugins/com.st.stm32cube.ide.mcu.externaltools.gnu-tools-for-stm32.9-2020-q2-update.win32_1.5.0.202011040924/tools/bin/../lib/gcc/arm-none-eabi/9.3.1/../../../../arm-none-eabi/lib/thumb/v7e-m+fp/hard\libc_nano.a(lib_a-lock.o)
                0x0000000020000090                __lock___atexit_recursive_mutex
                0x0000000020000091                __lock___arc4random_mutex
                0x0000000020000092                __lock___env_recursive_mutex
                0x0000000020000093                __lock___sinit_recursive_mutex
                0x0000000020000094                __lock___malloc_recursive_mutex
                0x0000000020000095                __lock___at_quick_exit_mutex
                0x0000000020000096                __lock___dd_hash_mutex
                0x0000000020000097                __lock___tz_mutex
                0x0000000020000098                __lock___sfp_recursive_mutex
 *fill*         0x0000000020000099        0x3 
 COMMON         0x000000002000009c        0x4 d:/software/work/stm32cubeide_1.6.1/stm32cubeide/plugins/com.st.stm32cube.ide.mcu.externaltools.gnu-tools-for-stm32.9-2020-q2-update.win32_1.5.0.202011040924/tools/bin/../lib/gcc/arm-none-eabi/9.3.1/../../../../arm-none-eabi/lib/thumb/v7e-m+fp/hard\libc_nano.a(lib_a-reent.o)
                0x000000002000009c                errno
                0x00000000200000a0                . = ALIGN (0x4)
                0x00000000200000a0                _ebss = .
                0x00000000200000a0                __bss_end__ = _ebss

._user_heap_stack
                0x00000000200000a0      0x600 load address 0x0000000008003060
                0x00000000200000a0                . = ALIGN (0x8)
                [!provide]                        PROVIDE (end = .)
                0x00000000200000a0                PROVIDE (_end = .)
                0x00000000200002a0                . = (. + _Min_Heap_Size)
 *fill*         0x00000000200000a0      0x200 
                0x00000000200006a0                . = (. + _Min_Stack_Size)
 *fill*         0x00000000200002a0      0x400 
                0x00000000200006a0                . = ALIGN (0x8)

/DISCARD/
 libc.a(*)
 libm.a(*)
 libgcc.a(*)

.ARM.attributes
                0x0000000000000000       0x30
 *(.ARM.attributes)
 .ARM.attributes
                0x0000000000000000       0x1e d:/software/work/stm32cubeide_1.6.1/stm32cubeide/plugins/com.st.stm32cube.ide.mcu.externaltools.gnu-tools-for-stm32.9-2020-q2-update.win32_1.5.0.202011040924/tools/bin/../lib/gcc/arm-none-eabi/9.3.1/thumb/v7e-m+fp/hard/crti.o
 .ARM.attributes
                0x000000000000001e       0x34 d:/software/work/stm32cubeide_1.6.1/stm32cubeide/plugins/com.st.stm32cube.ide.mcu.externaltools.gnu-tools-for-stm32.9-2020-q2-update.win32_1.5.0.202011040924/tools/bin/../lib/gcc/arm-none-eabi/9.3.1/thumb/v7e-m+fp/hard/crtbegin.o
 .ARM.attributes
                0x0000000000000052       0x34 Core/Src/MyPrint_LL.o
 .ARM.attributes
                0x0000000000000086       0x34 Core/Src/exp_callback.o
 .ARM.attributes
                0x00000000000000ba       0x34 Core/Src/gpio.o
 .ARM.attributes
                0x00000000000000ee       0x34 Core/Src/main.o
 .ARM.attributes
                0x0000000000000122       0x34 Core/Src/stm32f4xx_it.o
 .ARM.attributes
                0x0000000000000156       0x34 Core/Src/syscalls.o
 .ARM.attributes
                0x000000000000018a       0x34 Core/Src/sysmem.o
 .ARM.attributes
                0x00000000000001be       0x34 Core/Src/system_stm32f4xx.o
 .ARM.attributes
                0x00000000000001f2       0x34 Core/Src/usart.o
 .ARM.attributes
                0x0000000000000226       0x21 Core/Startup/startup_stm32f407vetx.o
 .ARM.attributes
                0x0000000000000247       0x34 Drivers/STM32F4xx_HAL_Driver/Src/stm32f4xx_ll_exti.o
 .ARM.attributes
                0x000000000000027b       0x34 Drivers/STM32F4xx_HAL_Driver/Src/stm32f4xx_ll_gpio.o
 .ARM.attributes
                0x00000000000002af       0x34 Drivers/STM32F4xx_HAL_Driver/Src/stm32f4xx_ll_rcc.o
 .ARM.attributes
                0x00000000000002e3       0x34 Drivers/STM32F4xx_HAL_Driver/Src/stm32f4xx_ll_usart.o
 .ARM.attributes
                0x0000000000000317       0x34 Drivers/STM32F4xx_HAL_Driver/Src/stm32f4xx_ll_utils.o
 .ARM.attributes
                0x000000000000034b       0x34 d:/software/work/stm32cubeide_1.6.1/stm32cubeide/plugins/com.st.stm32cube.ide.mcu.externaltools.gnu-tools-for-stm32.9-2020-q2-update.win32_1.5.0.202011040924/tools/bin/../lib/gcc/arm-none-eabi/9.3.1/../../../../arm-none-eabi/lib/thumb/v7e-m+fp/hard\libc_nano.a(lib_a-errno.o)
 .ARM.attributes
                0x000000000000037f       0x32 d:/software/work/stm32cubeide_1.6.1/stm32cubeide/plugins/com.st.stm32cube.ide.mcu.externaltools.gnu-tools-for-stm32.9-2020-q2-update.win32_1.5.0.202011040924/tools/bin/../lib/gcc/arm-none-eabi/9.3.1/../../../../arm-none-eabi/lib/thumb/v7e-m+fp/hard\libc_nano.a(lib_a-impure.o)
 .ARM.attributes
                0x00000000000003b1       0x34 d:/software/work/stm32cubeide_1.6.1/stm32cubeide/plugins/com.st.stm32cube.ide.mcu.externaltools.gnu-tools-for-stm32.9-2020-q2-update.win32_1.5.0.202011040924/tools/bin/../lib/gcc/arm-none-eabi/9.3.1/../../../../arm-none-eabi/lib/thumb/v7e-m+fp/hard\libc_nano.a(lib_a-init.o)
 .ARM.attributes
                0x00000000000003e5       0x34 d:/software/work/stm32cubeide_1.6.1/stm32cubeide/plugins/com.st.stm32cube.ide.mcu.externaltools.gnu-tools-for-stm32.9-2020-q2-update.win32_1.5.0.202011040924/tools/bin/../lib/gcc/arm-none-eabi/9.3.1/../../../../arm-none-eabi/lib/thumb/v7e-m+fp/hard\libc_nano.a(lib_a-memset.o)
 .ARM.attributes
                0x0000000000000419       0x34 d:/software/work/stm32cubeide_1.6.1/stm32cubeide/plugins/com.st.stm32cube.ide.mcu.externaltools.gnu-tools-for-stm32.9-2020-q2-update.win32_1.5.0.202011040924/tools/bin/../lib/gcc/arm-none-eabi/9.3.1/../../../../arm-none-eabi/lib/thumb/v7e-m+fp/hard\libc_nano.a(lib_a-printf.o)
 .ARM.attributes
                0x000000000000044d       0x34 d:/software/work/stm32cubeide_1.6.1/stm32cubeide/plugins/com.st.stm32cube.ide.mcu.externaltools.gnu-tools-for-stm32.9-2020-q2-update.win32_1.5.0.202011040924/tools/bin/../lib/gcc/arm-none-eabi/9.3.1/../../../../arm-none-eabi/lib/thumb/v7e-m+fp/hard\libc_nano.a(lib_a-puts.o)
 .ARM.attributes
                0x0000000000000481       0x34 d:/software/work/stm32cubeide_1.6.1/stm32cubeide/plugins/com.st.stm32cube.ide.mcu.externaltools.gnu-tools-for-stm32.9-2020-q2-update.win32_1.5.0.202011040924/tools/bin/../lib/gcc/arm-none-eabi/9.3.1/../../../../arm-none-eabi/lib/thumb/v7e-m+fp/hard\libc_nano.a(lib_a-wbuf.o)
 .ARM.attributes
                0x00000000000004b5       0x34 d:/software/work/stm32cubeide_1.6.1/stm32cubeide/plugins/com.st.stm32cube.ide.mcu.externaltools.gnu-tools-for-stm32.9-2020-q2-update.win32_1.5.0.202011040924/tools/bin/../lib/gcc/arm-none-eabi/9.3.1/../../../../arm-none-eabi/lib/thumb/v7e-m+fp/hard\libc_nano.a(lib_a-wsetup.o)
 .ARM.attributes
                0x00000000000004e9       0x34 d:/software/work/stm32cubeide_1.6.1/stm32cubeide/plugins/com.st.stm32cube.ide.mcu.externaltools.gnu-tools-for-stm32.9-2020-q2-update.win32_1.5.0.202011040924/tools/bin/../lib/gcc/arm-none-eabi/9.3.1/../../../../arm-none-eabi/lib/thumb/v7e-m+fp/hard\libc_nano.a(lib_a-fflush.o)
 .ARM.attributes
                0x000000000000051d       0x34 d:/software/work/stm32cubeide_1.6.1/stm32cubeide/plugins/com.st.stm32cube.ide.mcu.externaltools.gnu-tools-for-stm32.9-2020-q2-update.win32_1.5.0.202011040924/tools/bin/../lib/gcc/arm-none-eabi/9.3.1/../../../../arm-none-eabi/lib/thumb/v7e-m+fp/hard\libc_nano.a(lib_a-findfp.o)
 .ARM.attributes
                0x0000000000000551       0x34 d:/software/work/stm32cubeide_1.6.1/stm32cubeide/plugins/com.st.stm32cube.ide.mcu.externaltools.gnu-tools-for-stm32.9-2020-q2-update.win32_1.5.0.202011040924/tools/bin/../lib/gcc/arm-none-eabi/9.3.1/../../../../arm-none-eabi/lib/thumb/v7e-m+fp/hard\libc_nano.a(lib_a-fwalk.o)
 .ARM.attributes
                0x0000000000000585       0x34 d:/software/work/stm32cubeide_1.6.1/stm32cubeide/plugins/com.st.stm32cube.ide.mcu.externaltools.gnu-tools-for-stm32.9-2020-q2-update.win32_1.5.0.202011040924/tools/bin/../lib/gcc/arm-none-eabi/9.3.1/../../../../arm-none-eabi/lib/thumb/v7e-m+fp/hard\libc_nano.a(lib_a-lock.o)
 .ARM.attributes
                0x00000000000005b9       0x34 d:/software/work/stm32cubeide_1.6.1/stm32cubeide/plugins/com.st.stm32cube.ide.mcu.externaltools.gnu-tools-for-stm32.9-2020-q2-update.win32_1.5.0.202011040924/tools/bin/../lib/gcc/arm-none-eabi/9.3.1/../../../../arm-none-eabi/lib/thumb/v7e-m+fp/hard\libc_nano.a(lib_a-makebuf.o)
 .ARM.attributes
                0x00000000000005ed       0x34 d:/software/work/stm32cubeide_1.6.1/stm32cubeide/plugins/com.st.stm32cube.ide.mcu.externaltools.gnu-tools-for-stm32.9-2020-q2-update.win32_1.5.0.202011040924/tools/bin/../lib/gcc/arm-none-eabi/9.3.1/../../../../arm-none-eabi/lib/thumb/v7e-m+fp/hard\libc_nano.a(lib_a-nano-freer.o)
 .ARM.attributes
                0x0000000000000621       0x34 d:/software/work/stm32cubeide_1.6.1/stm32cubeide/plugins/com.st.stm32cube.ide.mcu.externaltools.gnu-tools-for-stm32.9-2020-q2-update.win32_1.5.0.202011040924/tools/bin/../lib/gcc/arm-none-eabi/9.3.1/../../../../arm-none-eabi/lib/thumb/v7e-m+fp/hard\libc_nano.a(lib_a-nano-mallocr.o)
 .ARM.attributes
                0x0000000000000655       0x34 d:/software/work/stm32cubeide_1.6.1/stm32cubeide/plugins/com.st.stm32cube.ide.mcu.externaltools.gnu-tools-for-stm32.9-2020-q2-update.win32_1.5.0.202011040924/tools/bin/../lib/gcc/arm-none-eabi/9.3.1/../../../../arm-none-eabi/lib/thumb/v7e-m+fp/hard\libc_nano.a(lib_a-nano-vfprintf.o)
 .ARM.attributes
                0x0000000000000689       0x34 d:/software/work/stm32cubeide_1.6.1/stm32cubeide/plugins/com.st.stm32cube.ide.mcu.externaltools.gnu-tools-for-stm32.9-2020-q2-update.win32_1.5.0.202011040924/tools/bin/../lib/gcc/arm-none-eabi/9.3.1/../../../../arm-none-eabi/lib/thumb/v7e-m+fp/hard\libc_nano.a(lib_a-nano-vfprintf_i.o)
 .ARM.attributes
                0x00000000000006bd       0x34 d:/software/work/stm32cubeide_1.6.1/stm32cubeide/plugins/com.st.stm32cube.ide.mcu.externaltools.gnu-tools-for-stm32.9-2020-q2-update.win32_1.5.0.202011040924/tools/bin/../lib/gcc/arm-none-eabi/9.3.1/../../../../arm-none-eabi/lib/thumb/v7e-m+fp/hard\libc_nano.a(lib_a-sbrkr.o)
 .ARM.attributes
                0x00000000000006f1       0x34 d:/software/work/stm32cubeide_1.6.1/stm32cubeide/plugins/com.st.stm32cube.ide.mcu.externaltools.gnu-tools-for-stm32.9-2020-q2-update.win32_1.5.0.202011040924/tools/bin/../lib/gcc/arm-none-eabi/9.3.1/../../../../arm-none-eabi/lib/thumb/v7e-m+fp/hard\libc_nano.a(lib_a-stdio.o)
 .ARM.attributes
                0x0000000000000725       0x34 d:/software/work/stm32cubeide_1.6.1/stm32cubeide/plugins/com.st.stm32cube.ide.mcu.externaltools.gnu-tools-for-stm32.9-2020-q2-update.win32_1.5.0.202011040924/tools/bin/../lib/gcc/arm-none-eabi/9.3.1/../../../../arm-none-eabi/lib/thumb/v7e-m+fp/hard\libc_nano.a(lib_a-writer.o)
 .ARM.attributes
                0x0000000000000759       0x34 d:/software/work/stm32cubeide_1.6.1/stm32cubeide/plugins/com.st.stm32cube.ide.mcu.externaltools.gnu-tools-for-stm32.9-2020-q2-update.win32_1.5.0.202011040924/tools/bin/../lib/gcc/arm-none-eabi/9.3.1/../../../../arm-none-eabi/lib/thumb/v7e-m+fp/hard\libc_nano.a(lib_a-closer.o)
 .ARM.attributes
                0x000000000000078d       0x34 d:/software/work/stm32cubeide_1.6.1/stm32cubeide/plugins/com.st.stm32cube.ide.mcu.externaltools.gnu-tools-for-stm32.9-2020-q2-update.win32_1.5.0.202011040924/tools/bin/../lib/gcc/arm-none-eabi/9.3.1/../../../../arm-none-eabi/lib/thumb/v7e-m+fp/hard\libc_nano.a(lib_a-fstatr.o)
 .ARM.attributes
                0x00000000000007c1       0x34 d:/software/work/stm32cubeide_1.6.1/stm32cubeide/plugins/com.st.stm32cube.ide.mcu.externaltools.gnu-tools-for-stm32.9-2020-q2-update.win32_1.5.0.202011040924/tools/bin/../lib/gcc/arm-none-eabi/9.3.1/../../../../arm-none-eabi/lib/thumb/v7e-m+fp/hard\libc_nano.a(lib_a-isattyr.o)
 .ARM.attributes
                0x00000000000007f5       0x34 d:/software/work/stm32cubeide_1.6.1/stm32cubeide/plugins/com.st.stm32cube.ide.mcu.externaltools.gnu-tools-for-stm32.9-2020-q2-update.win32_1.5.0.202011040924/tools/bin/../lib/gcc/arm-none-eabi/9.3.1/../../../../arm-none-eabi/lib/thumb/v7e-m+fp/hard\libc_nano.a(lib_a-lseekr.o)
 .ARM.attributes
                0x0000000000000829       0x1c d:/software/work/stm32cubeide_1.6.1/stm32cubeide/plugins/com.st.stm32cube.ide.mcu.externaltools.gnu-tools-for-stm32.9-2020-q2-update.win32_1.5.0.202011040924/tools/bin/../lib/gcc/arm-none-eabi/9.3.1/../../../../arm-none-eabi/lib/thumb/v7e-m+fp/hard\libc_nano.a(lib_a-memchr.o)
 .ARM.attributes
                0x0000000000000845       0x34 d:/software/work/stm32cubeide_1.6.1/stm32cubeide/plugins/com.st.stm32cube.ide.mcu.externaltools.gnu-tools-for-stm32.9-2020-q2-update.win32_1.5.0.202011040924/tools/bin/../lib/gcc/arm-none-eabi/9.3.1/../../../../arm-none-eabi/lib/thumb/v7e-m+fp/hard\libc_nano.a(lib_a-mlock.o)
 .ARM.attributes
                0x0000000000000879       0x34 d:/software/work/stm32cubeide_1.6.1/stm32cubeide/plugins/com.st.stm32cube.ide.mcu.externaltools.gnu-tools-for-stm32.9-2020-q2-update.win32_1.5.0.202011040924/tools/bin/../lib/gcc/arm-none-eabi/9.3.1/../../../../arm-none-eabi/lib/thumb/v7e-m+fp/hard\libc_nano.a(lib_a-readr.o)
 .ARM.attributes
                0x00000000000008ad       0x34 d:/software/work/stm32cubeide_1.6.1/stm32cubeide/plugins/com.st.stm32cube.ide.mcu.externaltools.gnu-tools-for-stm32.9-2020-q2-update.win32_1.5.0.202011040924/tools/bin/../lib/gcc/arm-none-eabi/9.3.1/../../../../arm-none-eabi/lib/thumb/v7e-m+fp/hard\libc_nano.a(lib_a-reent.o)
 .ARM.attributes
                0x00000000000008e1       0x1e d:/software/work/stm32cubeide_1.6.1/stm32cubeide/plugins/com.st.stm32cube.ide.mcu.externaltools.gnu-tools-for-stm32.9-2020-q2-update.win32_1.5.0.202011040924/tools/bin/../lib/gcc/arm-none-eabi/9.3.1/thumb/v7e-m+fp/hard\libgcc.a(_aeabi_uldivmod.o)
 .ARM.attributes
                0x00000000000008ff       0x34 d:/software/work/stm32cubeide_1.6.1/stm32cubeide/plugins/com.st.stm32cube.ide.mcu.externaltools.gnu-tools-for-stm32.9-2020-q2-update.win32_1.5.0.202011040924/tools/bin/../lib/gcc/arm-none-eabi/9.3.1/thumb/v7e-m+fp/hard\libgcc.a(_udivmoddi4.o)
 .ARM.attributes
                0x0000000000000933       0x1e d:/software/work/stm32cubeide_1.6.1/stm32cubeide/plugins/com.st.stm32cube.ide.mcu.externaltools.gnu-tools-for-stm32.9-2020-q2-update.win32_1.5.0.202011040924/tools/bin/../lib/gcc/arm-none-eabi/9.3.1/thumb/v7e-m+fp/hard\libgcc.a(_dvmd_tls.o)
 .ARM.attributes
                0x0000000000000951       0x1e d:/software/work/stm32cubeide_1.6.1/stm32cubeide/plugins/com.st.stm32cube.ide.mcu.externaltools.gnu-tools-for-stm32.9-2020-q2-update.win32_1.5.0.202011040924/tools/bin/../lib/gcc/arm-none-eabi/9.3.1/thumb/v7e-m+fp/hard/crtn.o
OUTPUT(Test2_Print_Yun.elf elf32-littlearm)
LOAD linker stubs
LOAD d:/software/work/stm32cubeide_1.6.1/stm32cubeide/plugins/com.st.stm32cube.ide.mcu.externaltools.gnu-tools-for-stm32.9-2020-q2-update.win32_1.5.0.202011040924/tools/bin/../lib/gcc/arm-none-eabi/9.3.1/../../../../arm-none-eabi/lib/thumb/v7e-m+fp/hard\libc.a
LOAD d:/software/work/stm32cubeide_1.6.1/stm32cubeide/plugins/com.st.stm32cube.ide.mcu.externaltools.gnu-tools-for-stm32.9-2020-q2-update.win32_1.5.0.202011040924/tools/bin/../lib/gcc/arm-none-eabi/9.3.1/../../../../arm-none-eabi/lib/thumb/v7e-m+fp/hard\libm.a
LOAD d:/software/work/stm32cubeide_1.6.1/stm32cubeide/plugins/com.st.stm32cube.ide.mcu.externaltools.gnu-tools-for-stm32.9-2020-q2-update.win32_1.5.0.202011040924/tools/bin/../lib/gcc/arm-none-eabi/9.3.1/thumb/v7e-m+fp/hard\libgcc.a

.debug_info     0x0000000000000000     0xa108
 .debug_info    0x0000000000000000      0xb19 Core/Src/MyPrint_LL.o
 .debug_info    0x0000000000000b19      0xa0e Core/Src/exp_callback.o
 .debug_info    0x0000000000001527     0x15fa Core/Src/gpio.o
 .debug_info    0x0000000000002b21     0x108e Core/Src/main.o
 .debug_info    0x0000000000003baf      0xb79 Core/Src/stm32f4xx_it.o
 .debug_info    0x0000000000004728      0xfa8 Core/Src/syscalls.o
 .debug_info    0x00000000000056d0      0xa25 Core/Src/sysmem.o
 .debug_info    0x00000000000060f5      0x546 Core/Src/system_stm32f4xx.o
 .debug_info    0x000000000000663b     0x14ac Core/Src/usart.o
 .debug_info    0x0000000000007ae7       0x22 Core/Startup/startup_stm32f407vetx.o
 .debug_info    0x0000000000007b09      0x3dc Drivers/STM32F4xx_HAL_Driver/Src/stm32f4xx_ll_exti.o
 .debug_info    0x0000000000007ee5      0x8be Drivers/STM32F4xx_HAL_Driver/Src/stm32f4xx_ll_gpio.o
 .debug_info    0x00000000000087a3      0x811 Drivers/STM32F4xx_HAL_Driver/Src/stm32f4xx_ll_rcc.o
 .debug_info    0x0000000000008fb4      0x7c6 Drivers/STM32F4xx_HAL_Driver/Src/stm32f4xx_ll_usart.o
 .debug_info    0x000000000000977a      0x98e Drivers/STM32F4xx_HAL_Driver/Src/stm32f4xx_ll_utils.o

.debug_abbrev   0x0000000000000000     0x1dd8
 .debug_abbrev  0x0000000000000000      0x242 Core/Src/MyPrint_LL.o
 .debug_abbrev  0x0000000000000242      0x1ac Core/Src/exp_callback.o
 .debug_abbrev  0x00000000000003ee      0x306 Core/Src/gpio.o
 .debug_abbrev  0x00000000000006f4      0x283 Core/Src/main.o
 .debug_abbrev  0x0000000000000977      0x23f Core/Src/stm32f4xx_it.o
 .debug_abbrev  0x0000000000000bb6      0x286 Core/Src/syscalls.o
 .debug_abbrev  0x0000000000000e3c      0x1bf Core/Src/sysmem.o
 .debug_abbrev  0x0000000000000ffb      0x129 Core/Src/system_stm32f4xx.o
 .debug_abbrev  0x0000000000001124      0x28e Core/Src/usart.o
 .debug_abbrev  0x00000000000013b2       0x12 Core/Startup/startup_stm32f407vetx.o
 .debug_abbrev  0x00000000000013c4      0x1c2 Drivers/STM32F4xx_HAL_Driver/Src/stm32f4xx_ll_exti.o
 .debug_abbrev  0x0000000000001586      0x23b Drivers/STM32F4xx_HAL_Driver/Src/stm32f4xx_ll_gpio.o
 .debug_abbrev  0x00000000000017c1      0x1fa Drivers/STM32F4xx_HAL_Driver/Src/stm32f4xx_ll_rcc.o
 .debug_abbrev  0x00000000000019bb      0x1f1 Drivers/STM32F4xx_HAL_Driver/Src/stm32f4xx_ll_usart.o
 .debug_abbrev  0x0000000000001bac      0x22c Drivers/STM32F4xx_HAL_Driver/Src/stm32f4xx_ll_utils.o

.debug_aranges  0x0000000000000000      0x6e0
 .debug_aranges
                0x0000000000000000       0x38 Core/Src/MyPrint_LL.o
 .debug_aranges
                0x0000000000000038       0x30 Core/Src/exp_callback.o
 .debug_aranges
                0x0000000000000068       0x68 Core/Src/gpio.o
 .debug_aranges
                0x00000000000000d0       0xa0 Core/Src/main.o
 .debug_aranges
                0x0000000000000170       0x80 Core/Src/stm32f4xx_it.o
 .debug_aranges
                0x00000000000001f0       0xa8 Core/Src/syscalls.o
 .debug_aranges
                0x0000000000000298       0x20 Core/Src/sysmem.o
 .debug_aranges
                0x00000000000002b8       0x28 Core/Src/system_stm32f4xx.o
 .debug_aranges
                0x00000000000002e0       0x60 Core/Src/usart.o
 .debug_aranges
                0x0000000000000340       0x28 Core/Startup/startup_stm32f407vetx.o
 .debug_aranges
                0x0000000000000368       0x70 Drivers/STM32F4xx_HAL_Driver/Src/stm32f4xx_ll_exti.o
 .debug_aranges
                0x00000000000003d8       0x70 Drivers/STM32F4xx_HAL_Driver/Src/stm32f4xx_ll_gpio.o
 .debug_aranges
                0x0000000000000448      0x118 Drivers/STM32F4xx_HAL_Driver/Src/stm32f4xx_ll_rcc.o
 .debug_aranges
                0x0000000000000560       0x88 Drivers/STM32F4xx_HAL_Driver/Src/stm32f4xx_ll_usart.o
 .debug_aranges
                0x00000000000005e8       0xf8 Drivers/STM32F4xx_HAL_Driver/Src/stm32f4xx_ll_utils.o

.debug_ranges   0x0000000000000000      0x5f8
 .debug_ranges  0x0000000000000000       0x28 Core/Src/MyPrint_LL.o
 .debug_ranges  0x0000000000000028       0x20 Core/Src/exp_callback.o
 .debug_ranges  0x0000000000000048       0x58 Core/Src/gpio.o
 .debug_ranges  0x00000000000000a0       0x90 Core/Src/main.o
 .debug_ranges  0x0000000000000130       0x70 Core/Src/stm32f4xx_it.o
 .debug_ranges  0x00000000000001a0       0x98 Core/Src/syscalls.o
 .debug_ranges  0x0000000000000238       0x10 Core/Src/sysmem.o
 .debug_ranges  0x0000000000000248       0x18 Core/Src/system_stm32f4xx.o
 .debug_ranges  0x0000000000000260       0x50 Core/Src/usart.o
 .debug_ranges  0x00000000000002b0       0x20 Core/Startup/startup_stm32f407vetx.o
 .debug_ranges  0x00000000000002d0       0x60 Drivers/STM32F4xx_HAL_Driver/Src/stm32f4xx_ll_exti.o
 .debug_ranges  0x0000000000000330       0x60 Drivers/STM32F4xx_HAL_Driver/Src/stm32f4xx_ll_gpio.o
 .debug_ranges  0x0000000000000390      0x108 Drivers/STM32F4xx_HAL_Driver/Src/stm32f4xx_ll_rcc.o
 .debug_ranges  0x0000000000000498       0x78 Drivers/STM32F4xx_HAL_Driver/Src/stm32f4xx_ll_usart.o
 .debug_ranges  0x0000000000000510       0xe8 Drivers/STM32F4xx_HAL_Driver/Src/stm32f4xx_ll_utils.o

.debug_macro    0x0000000000000000    0x1d715
 .debug_macro   0x0000000000000000      0x2cd Core/Src/MyPrint_LL.o
 .debug_macro   0x00000000000002cd      0xaea Core/Src/MyPrint_LL.o
 .debug_macro   0x0000000000000db7       0x2e Core/Src/MyPrint_LL.o
 .debug_macro   0x0000000000000de5       0x2f Core/Src/MyPrint_LL.o
 .debug_macro   0x0000000000000e14       0x22 Core/Src/MyPrint_LL.o
 .debug_macro   0x0000000000000e36       0x8e Core/Src/MyPrint_LL.o
 .debug_macro   0x0000000000000ec4       0x51 Core/Src/MyPrint_LL.o
 .debug_macro   0x0000000000000f15      0x103 Core/Src/MyPrint_LL.o
 .debug_macro   0x0000000000001018       0x6a Core/Src/MyPrint_LL.o
 .debug_macro   0x0000000000001082      0x1df Core/Src/MyPrint_LL.o
 .debug_macro   0x0000000000001261       0x1c Core/Src/MyPrint_LL.o
 .debug_macro   0x000000000000127d       0x22 Core/Src/MyPrint_LL.o
 .debug_macro   0x000000000000129f       0xdf Core/Src/MyPrint_LL.o
 .debug_macro   0x000000000000137e     0x102d Core/Src/MyPrint_LL.o
 .debug_macro   0x00000000000023ab      0x11f Core/Src/MyPrint_LL.o
 .debug_macro   0x00000000000024ca    0x15e3c Core/Src/MyPrint_LL.o
 .debug_macro   0x0000000000018306       0x43 Core/Src/MyPrint_LL.o
 .debug_macro   0x0000000000018349      0x77b Core/Src/MyPrint_LL.o
 .debug_macro   0x0000000000018ac4      0x1d5 Core/Src/MyPrint_LL.o
 .debug_macro   0x0000000000018c99      0x20a Core/Src/MyPrint_LL.o
 .debug_macro   0x0000000000018ea3       0xe8 Core/Src/MyPrint_LL.o
 .debug_macro   0x0000000000018f8b      0x1a8 Core/Src/MyPrint_LL.o
 .debug_macro   0x0000000000019133       0x61 Core/Src/MyPrint_LL.o
 .debug_macro   0x0000000000019194       0xab Core/Src/MyPrint_LL.o
 .debug_macro   0x000000000001923f      0x1e6 Core/Src/MyPrint_LL.o
 .debug_macro   0x0000000000019425      0x1bb Core/Src/MyPrint_LL.o
 .debug_macro   0x00000000000195e0      0x149 Core/Src/MyPrint_LL.o
 .debug_macro   0x0000000000019729       0x40 Core/Src/MyPrint_LL.o
 .debug_macro   0x0000000000019769       0x7c Core/Src/MyPrint_LL.o
 .debug_macro   0x00000000000197e5       0x52 Core/Src/MyPrint_LL.o
 .debug_macro   0x0000000000019837       0x18 Core/Src/MyPrint_LL.o
 .debug_macro   0x000000000001984f       0x3c Core/Src/MyPrint_LL.o
 .debug_macro   0x000000000001988b       0x34 Core/Src/MyPrint_LL.o
 .debug_macro   0x00000000000198bf       0x16 Core/Src/MyPrint_LL.o
 .debug_macro   0x00000000000198d5       0x97 Core/Src/MyPrint_LL.o
 .debug_macro   0x000000000001996c      0x333 Core/Src/MyPrint_LL.o
 .debug_macro   0x0000000000019c9f       0xfd Core/Src/MyPrint_LL.o
 .debug_macro   0x0000000000019d9c       0x10 Core/Src/MyPrint_LL.o
 .debug_macro   0x0000000000019dac       0x16 Core/Src/MyPrint_LL.o
 .debug_macro   0x0000000000019dc2       0x43 Core/Src/MyPrint_LL.o
 .debug_macro   0x0000000000019e05       0x34 Core/Src/MyPrint_LL.o
 .debug_macro   0x0000000000019e39       0x10 Core/Src/MyPrint_LL.o
 .debug_macro   0x0000000000019e49       0x58 Core/Src/MyPrint_LL.o
 .debug_macro   0x0000000000019ea1       0x71 Core/Src/MyPrint_LL.o
 .debug_macro   0x0000000000019f12       0x1c Core/Src/MyPrint_LL.o
 .debug_macro   0x0000000000019f2e      0x12a Core/Src/MyPrint_LL.o
 .debug_macro   0x000000000001a058       0x10 Core/Src/MyPrint_LL.o
 .debug_macro   0x000000000001a068       0x1c Core/Src/MyPrint_LL.o
 .debug_macro   0x000000000001a084       0x52 Core/Src/MyPrint_LL.o
 .debug_macro   0x000000000001a0d6       0x22 Core/Src/MyPrint_LL.o
 .debug_macro   0x000000000001a0f8       0x10 Core/Src/MyPrint_LL.o
 .debug_macro   0x000000000001a108       0x40 Core/Src/MyPrint_LL.o
 .debug_macro   0x000000000001a148       0xd5 Core/Src/MyPrint_LL.o
 .debug_macro   0x000000000001a21d       0x1c Core/Src/MyPrint_LL.o
 .debug_macro   0x000000000001a239       0x3d Core/Src/MyPrint_LL.o
 .debug_macro   0x000000000001a276       0x16 Core/Src/MyPrint_LL.o
 .debug_macro   0x000000000001a28c      0x145 Core/Src/MyPrint_LL.o
 .debug_macro   0x000000000001a3d1       0x4c Core/Src/MyPrint_LL.o
 .debug_macro   0x000000000001a41d      0x2cb Core/Src/exp_callback.o
 .debug_macro   0x000000000001a6e8      0x2d1 Core/Src/gpio.o
 .debug_macro   0x000000000001a9b9      0x2db Core/Src/main.o
 .debug_macro   0x000000000001ac94      0x2d1 Core/Src/stm32f4xx_it.o
 .debug_macro   0x000000000001af65      0x24c Core/Src/syscalls.o
 .debug_macro   0x000000000001b1b1       0x4c Core/Src/syscalls.o
 .debug_macro   0x000000000001b1fd       0x94 Core/Src/syscalls.o
 .debug_macro   0x000000000001b291       0x57 Core/Src/syscalls.o
 .debug_macro   0x000000000001b2e8      0x174 Core/Src/syscalls.o
 .debug_macro   0x000000000001b45c      0x339 Core/Src/syscalls.o
 .debug_macro   0x000000000001b795       0x10 Core/Src/syscalls.o
 .debug_macro   0x000000000001b7a5       0x35 Core/Src/syscalls.o
 .debug_macro   0x000000000001b7da       0x10 Core/Src/syscalls.o
 .debug_macro   0x000000000001b7ea       0x10 Core/Src/syscalls.o
 .debug_macro   0x000000000001b7fa       0x35 Core/Src/syscalls.o
 .debug_macro   0x000000000001b82f      0x12c Core/Src/syscalls.o
 .debug_macro   0x000000000001b95b       0x16 Core/Src/syscalls.o
 .debug_macro   0x000000000001b971       0x16 Core/Src/syscalls.o
 .debug_macro   0x000000000001b987       0x29 Core/Src/syscalls.o
 .debug_macro   0x000000000001b9b0       0x10 Core/Src/syscalls.o
 .debug_macro   0x000000000001b9c0      0x241 Core/Src/syscalls.o
 .debug_macro   0x000000000001bc01       0x1c Core/Src/syscalls.o
 .debug_macro   0x000000000001bc1d       0x10 Core/Src/syscalls.o
 .debug_macro   0x000000000001bc2d      0x189 Core/Src/syscalls.o
 .debug_macro   0x000000000001bdb6       0x16 Core/Src/syscalls.o
 .debug_macro   0x000000000001bdcc       0xce Core/Src/syscalls.o
 .debug_macro   0x000000000001be9a       0xff Core/Src/sysmem.o
 .debug_macro   0x000000000001bf99      0x23b Core/Src/sysmem.o
 .debug_macro   0x000000000001c1d4       0xce Core/Src/system_stm32f4xx.o
 .debug_macro   0x000000000001c2a2      0x2d1 Core/Src/usart.o
 .debug_macro   0x000000000001c573       0xf5 Drivers/STM32F4xx_HAL_Driver/Src/stm32f4xx_ll_exti.o
 .debug_macro   0x000000000001c668       0xe2 Drivers/STM32F4xx_HAL_Driver/Src/stm32f4xx_ll_exti.o
 .debug_macro   0x000000000001c74a      0x110 Drivers/STM32F4xx_HAL_Driver/Src/stm32f4xx_ll_gpio.o
 .debug_macro   0x000000000001c85a      0x143 Drivers/STM32F4xx_HAL_Driver/Src/stm32f4xx_ll_gpio.o
 .debug_macro   0x000000000001c99d       0xfb Drivers/STM32F4xx_HAL_Driver/Src/stm32f4xx_ll_rcc.o
 .debug_macro   0x000000000001ca98      0x13d Drivers/STM32F4xx_HAL_Driver/Src/stm32f4xx_ll_usart.o
 .debug_macro   0x000000000001cbd5      0x1b5 Drivers/STM32F4xx_HAL_Driver/Src/stm32f4xx_ll_usart.o
 .debug_macro   0x000000000001cd8a      0x781 Drivers/STM32F4xx_HAL_Driver/Src/stm32f4xx_ll_usart.o
 .debug_macro   0x000000000001d50b      0x1af Drivers/STM32F4xx_HAL_Driver/Src/stm32f4xx_ll_utils.o
 .debug_macro   0x000000000001d6ba       0x5b Drivers/STM32F4xx_HAL_Driver/Src/stm32f4xx_ll_utils.o

.debug_line     0x0000000000000000     0x71ed
 .debug_line    0x0000000000000000      0x831 Core/Src/MyPrint_LL.o
 .debug_line    0x0000000000000831      0x7f0 Core/Src/exp_callback.o
 .debug_line    0x0000000000001021      0xa06 Core/Src/gpio.o
 .debug_line    0x0000000000001a27      0xa12 Core/Src/main.o
 .debug_line    0x0000000000002439      0x924 Core/Src/stm32f4xx_it.o
 .debug_line    0x0000000000002d5d      0x839 Core/Src/syscalls.o
 .debug_line    0x0000000000003596      0x52f Core/Src/sysmem.o
 .debug_line    0x0000000000003ac5      0x51e Core/Src/system_stm32f4xx.o
 .debug_line    0x0000000000003fe3      0x962 Core/Src/usart.o
 .debug_line    0x0000000000004945       0x88 Core/Startup/startup_stm32f407vetx.o
 .debug_line    0x00000000000049cd      0x636 Drivers/STM32F4xx_HAL_Driver/Src/stm32f4xx_ll_exti.o
 .debug_line    0x0000000000005003      0x791 Drivers/STM32F4xx_HAL_Driver/Src/stm32f4xx_ll_gpio.o
 .debug_line    0x0000000000005794      0x959 Drivers/STM32F4xx_HAL_Driver/Src/stm32f4xx_ll_rcc.o
 .debug_line    0x00000000000060ed      0x71f Drivers/STM32F4xx_HAL_Driver/Src/stm32f4xx_ll_usart.o
 .debug_line    0x000000000000680c      0x9e1 Drivers/STM32F4xx_HAL_Driver/Src/stm32f4xx_ll_utils.o

.debug_str      0x0000000000000000    0x9b565
 .debug_str     0x0000000000000000    0x962df Core/Src/MyPrint_LL.o
                                      0x9657a (size before relaxing)
 .debug_str     0x00000000000962df       0x5d Core/Src/exp_callback.o
                                      0x96525 (size before relaxing)
 .debug_str     0x000000000009633c      0x87c Core/Src/gpio.o
                                      0x96ddc (size before relaxing)
 .debug_str     0x0000000000096bb8      0x1bb Core/Src/main.o
                                      0x9685b (size before relaxing)
 .debug_str     0x0000000000096d73      0x141 Core/Src/stm32f4xx_it.o
                                      0x96609 (size before relaxing)
 .debug_str     0x0000000000096eb4     0x1771 Core/Src/syscalls.o
                                       0x8faf (size before relaxing)
 .debug_str     0x0000000000098625       0x6b Core/Src/sysmem.o
                                       0x6382 (size before relaxing)
 .debug_str     0x0000000000098690       0x5b Core/Src/system_stm32f4xx.o
                                      0x87dbf (size before relaxing)
 .debug_str     0x00000000000986eb       0xc4 Core/Src/usart.o
                                      0x96db1 (size before relaxing)
 .debug_str     0x00000000000987af       0x36 Core/Startup/startup_stm32f407vetx.o
                                         0x6a (size before relaxing)
 .debug_str     0x00000000000987e5      0x332 Drivers/STM32F4xx_HAL_Driver/Src/stm32f4xx_ll_exti.o
                                      0x88491 (size before relaxing)
 .debug_str     0x0000000000098b17      0x637 Drivers/STM32F4xx_HAL_Driver/Src/stm32f4xx_ll_gpio.o
                                      0x8980b (size before relaxing)
 .debug_str     0x000000000009914e      0x502 Drivers/STM32F4xx_HAL_Driver/Src/stm32f4xx_ll_rcc.o
                                      0x8c2e1 (size before relaxing)
 .debug_str     0x0000000000099650      0x858 Drivers/STM32F4xx_HAL_Driver/Src/stm32f4xx_ll_usart.o
                                      0x8e136 (size before relaxing)
 .debug_str     0x0000000000099ea8     0x16bd Drivers/STM32F4xx_HAL_Driver/Src/stm32f4xx_ll_utils.o
                                      0x8ea75 (size before relaxing)

.comment        0x0000000000000000       0x53
 .comment       0x0000000000000000       0x53 Core/Src/MyPrint_LL.o
                                         0x54 (size before relaxing)
 .comment       0x0000000000000053       0x54 Core/Src/exp_callback.o
 .comment       0x0000000000000053       0x54 Core/Src/gpio.o
 .comment       0x0000000000000053       0x54 Core/Src/main.o
 .comment       0x0000000000000053       0x54 Core/Src/stm32f4xx_it.o
 .comment       0x0000000000000053       0x54 Core/Src/syscalls.o
 .comment       0x0000000000000053       0x54 Core/Src/sysmem.o
 .comment       0x0000000000000053       0x54 Core/Src/system_stm32f4xx.o
 .comment       0x0000000000000053       0x54 Core/Src/usart.o
 .comment       0x0000000000000053       0x54 Drivers/STM32F4xx_HAL_Driver/Src/stm32f4xx_ll_exti.o
 .comment       0x0000000000000053       0x54 Drivers/STM32F4xx_HAL_Driver/Src/stm32f4xx_ll_gpio.o
 .comment       0x0000000000000053       0x54 Drivers/STM32F4xx_HAL_Driver/Src/stm32f4xx_ll_rcc.o
 .comment       0x0000000000000053       0x54 Drivers/STM32F4xx_HAL_Driver/Src/stm32f4xx_ll_usart.o
 .comment       0x0000000000000053       0x54 Drivers/STM32F4xx_HAL_Driver/Src/stm32f4xx_ll_utils.o

.debug_frame    0x0000000000000000     0x2210
 .debug_frame   0x0000000000000000       0xa8 Core/Src/MyPrint_LL.o
 .debug_frame   0x00000000000000a8       0x70 Core/Src/exp_callback.o
 .debug_frame   0x0000000000000118      0x194 Core/Src/gpio.o
 .debug_frame   0x00000000000002ac      0x270 Core/Src/main.o
 .debug_frame   0x000000000000051c      0x194 Core/Src/stm32f4xx_it.o
 .debug_frame   0x00000000000006b0      0x2ac Core/Src/syscalls.o
 .debug_frame   0x000000000000095c       0x34 Core/Src/sysmem.o
 .debug_frame   0x0000000000000990       0x58 Core/Src/system_stm32f4xx.o
 .debug_frame   0x00000000000009e8      0x16c Core/Src/usart.o
 .debug_frame   0x0000000000000b54      0x1bc Drivers/STM32F4xx_HAL_Driver/Src/stm32f4xx_ll_exti.o
 .debug_frame   0x0000000000000d10      0x1c0 Drivers/STM32F4xx_HAL_Driver/Src/stm32f4xx_ll_gpio.o
 .debug_frame   0x0000000000000ed0      0x460 Drivers/STM32F4xx_HAL_Driver/Src/stm32f4xx_ll_rcc.o
 .debug_frame   0x0000000000001330      0x240 Drivers/STM32F4xx_HAL_Driver/Src/stm32f4xx_ll_usart.o
 .debug_frame   0x0000000000001570      0x3f8 Drivers/STM32F4xx_HAL_Driver/Src/stm32f4xx_ll_utils.o
 .debug_frame   0x0000000000001968       0x20 d:/software/work/stm32cubeide_1.6.1/stm32cubeide/plugins/com.st.stm32cube.ide.mcu.externaltools.gnu-tools-for-stm32.9-2020-q2-update.win32_1.5.0.202011040924/tools/bin/../lib/gcc/arm-none-eabi/9.3.1/../../../../arm-none-eabi/lib/thumb/v7e-m+fp/hard\libc_nano.a(lib_a-errno.o)
 .debug_frame   0x0000000000001988       0x2c d:/software/work/stm32cubeide_1.6.1/stm32cubeide/plugins/com.st.stm32cube.ide.mcu.externaltools.gnu-tools-for-stm32.9-2020-q2-update.win32_1.5.0.202011040924/tools/bin/../lib/gcc/arm-none-eabi/9.3.1/../../../../arm-none-eabi/lib/thumb/v7e-m+fp/hard\libc_nano.a(lib_a-init.o)
 .debug_frame   0x00000000000019b4       0x20 d:/software/work/stm32cubeide_1.6.1/stm32cubeide/plugins/com.st.stm32cube.ide.mcu.externaltools.gnu-tools-for-stm32.9-2020-q2-update.win32_1.5.0.202011040924/tools/bin/../lib/gcc/arm-none-eabi/9.3.1/../../../../arm-none-eabi/lib/thumb/v7e-m+fp/hard\libc_nano.a(lib_a-memset.o)
 .debug_frame   0x00000000000019d4       0x74 d:/software/work/stm32cubeide_1.6.1/stm32cubeide/plugins/com.st.stm32cube.ide.mcu.externaltools.gnu-tools-for-stm32.9-2020-q2-update.win32_1.5.0.202011040924/tools/bin/../lib/gcc/arm-none-eabi/9.3.1/../../../../arm-none-eabi/lib/thumb/v7e-m+fp/hard\libc_nano.a(lib_a-printf.o)
 .debug_frame   0x0000000000001a48       0x3c d:/software/work/stm32cubeide_1.6.1/stm32cubeide/plugins/com.st.stm32cube.ide.mcu.externaltools.gnu-tools-for-stm32.9-2020-q2-update.win32_1.5.0.202011040924/tools/bin/../lib/gcc/arm-none-eabi/9.3.1/../../../../arm-none-eabi/lib/thumb/v7e-m+fp/hard\libc_nano.a(lib_a-puts.o)
 .debug_frame   0x0000000000001a84       0x40 d:/software/work/stm32cubeide_1.6.1/stm32cubeide/plugins/com.st.stm32cube.ide.mcu.externaltools.gnu-tools-for-stm32.9-2020-q2-update.win32_1.5.0.202011040924/tools/bin/../lib/gcc/arm-none-eabi/9.3.1/../../../../arm-none-eabi/lib/thumb/v7e-m+fp/hard\libc_nano.a(lib_a-wbuf.o)
 .debug_frame   0x0000000000001ac4       0x2c d:/software/work/stm32cubeide_1.6.1/stm32cubeide/plugins/com.st.stm32cube.ide.mcu.externaltools.gnu-tools-for-stm32.9-2020-q2-update.win32_1.5.0.202011040924/tools/bin/../lib/gcc/arm-none-eabi/9.3.1/../../../../arm-none-eabi/lib/thumb/v7e-m+fp/hard\libc_nano.a(lib_a-wsetup.o)
 .debug_frame   0x0000000000001af0       0x5c d:/software/work/stm32cubeide_1.6.1/stm32cubeide/plugins/com.st.stm32cube.ide.mcu.externaltools.gnu-tools-for-stm32.9-2020-q2-update.win32_1.5.0.202011040924/tools/bin/../lib/gcc/arm-none-eabi/9.3.1/../../../../arm-none-eabi/lib/thumb/v7e-m+fp/hard\libc_nano.a(lib_a-fflush.o)
 .debug_frame   0x0000000000001b4c      0x14c d:/software/work/stm32cubeide_1.6.1/stm32cubeide/plugins/com.st.stm32cube.ide.mcu.externaltools.gnu-tools-for-stm32.9-2020-q2-update.win32_1.5.0.202011040924/tools/bin/../lib/gcc/arm-none-eabi/9.3.1/../../../../arm-none-eabi/lib/thumb/v7e-m+fp/hard\libc_nano.a(lib_a-findfp.o)
 .debug_frame   0x0000000000001c98       0x54 d:/software/work/stm32cubeide_1.6.1/stm32cubeide/plugins/com.st.stm32cube.ide.mcu.externaltools.gnu-tools-for-stm32.9-2020-q2-update.win32_1.5.0.202011040924/tools/bin/../lib/gcc/arm-none-eabi/9.3.1/../../../../arm-none-eabi/lib/thumb/v7e-m+fp/hard\libc_nano.a(lib_a-fwalk.o)
 .debug_frame   0x0000000000001cec       0xb0 d:/software/work/stm32cubeide_1.6.1/stm32cubeide/plugins/com.st.stm32cube.ide.mcu.externaltools.gnu-tools-for-stm32.9-2020-q2-update.win32_1.5.0.202011040924/tools/bin/../lib/gcc/arm-none-eabi/9.3.1/../../../../arm-none-eabi/lib/thumb/v7e-m+fp/hard\libc_nano.a(lib_a-lock.o)
 .debug_frame   0x0000000000001d9c       0x58 d:/software/work/stm32cubeide_1.6.1/stm32cubeide/plugins/com.st.stm32cube.ide.mcu.externaltools.gnu-tools-for-stm32.9-2020-q2-update.win32_1.5.0.202011040924/tools/bin/../lib/gcc/arm-none-eabi/9.3.1/../../../../arm-none-eabi/lib/thumb/v7e-m+fp/hard\libc_nano.a(lib_a-makebuf.o)
 .debug_frame   0x0000000000001df4       0x38 d:/software/work/stm32cubeide_1.6.1/stm32cubeide/plugins/com.st.stm32cube.ide.mcu.externaltools.gnu-tools-for-stm32.9-2020-q2-update.win32_1.5.0.202011040924/tools/bin/../lib/gcc/arm-none-eabi/9.3.1/../../../../arm-none-eabi/lib/thumb/v7e-m+fp/hard\libc_nano.a(lib_a-nano-freer.o)
 .debug_frame   0x0000000000001e2c       0x30 d:/software/work/stm32cubeide_1.6.1/stm32cubeide/plugins/com.st.stm32cube.ide.mcu.externaltools.gnu-tools-for-stm32.9-2020-q2-update.win32_1.5.0.202011040924/tools/bin/../lib/gcc/arm-none-eabi/9.3.1/../../../../arm-none-eabi/lib/thumb/v7e-m+fp/hard\libc_nano.a(lib_a-nano-mallocr.o)