11:12:06 **** Incremental Build of configuration Debug for project Test1_Blink_3LED_Yun3 ****
make -j8 all 
arm-none-eabi-gcc "../Core/Src/exp_callback.c" -mcpu=cortex-m4 -std=gnu11 -g3 -DDEBUG -DSTM32F407xx -DUSE_FULL_LL_DRIVER '-DHSE_VALUE=25000000' '-DHSE_STARTUP_TIMEOUT=100' '-DLSE_STARTUP_TIMEOUT=5000' '-DLSE_VALUE=32768' '-DEXTERNAL_CLOCK_VALUE=12288000' '-DHSI_VALUE=16000000' '-DLSI_VALUE=32000' '-DVDD_VALUE=3300' '-DPREFETCH_ENABLE=1' '-DINSTRUCTION_CACHE_ENABLE=1' '-DDATA_CACHE_ENABLE=1' -c -I../Core/Inc -I../Drivers/STM32F4xx_HAL_Driver/Inc -I../Drivers/CMSIS/Device/ST/STM32F4xx/Include -I../Drivers/CMSIS/Include -O0 -ffunction-sections -fdata-sections -Wall -fstack-usage -MMD -MP -MF"Core/Src/exp_callback.d" -MT"Core/Src/exp_callback.o" --specs=nano.specs -mfpu=fpv4-sp-d16 -mfloat-abi=hard -mthumb -o "Core/Src/exp_callback.o"
arm-none-eabi-gcc "../Core/Src/gpio.c" -mcpu=cortex-m4 -std=gnu11 -g3 -DDEBUG -DSTM32F407xx -DUSE_FULL_LL_DRIVER '-DHSE_VALUE=25000000' '-DHSE_STARTUP_TIMEOUT=100' '-DLSE_STARTUP_TIMEOUT=5000' '-DLSE_VALUE=32768' '-DEXTERNAL_CLOCK_VALUE=12288000' '-DHSI_VALUE=16000000' '-DLSI_VALUE=32000' '-DVDD_VALUE=3300' '-DPREFETCH_ENABLE=1' '-DINSTRUCTION_CACHE_ENABLE=1' '-DDATA_CACHE_ENABLE=1' -c -I../Core/Inc -I../Drivers/STM32F4xx_HAL_Driver/Inc -I../Drivers/CMSIS/Device/ST/STM32F4xx/Include -I../Drivers/CMSIS/Include -O0 -ffunction-sections -fdata-sections -Wall -fstack-usage -MMD -MP -MF"Core/Src/gpio.d" -MT"Core/Src/gpio.o" --specs=nano.specs -mfpu=fpv4-sp-d16 -mfloat-abi=hard -mthumb -o "Core/Src/gpio.o"
arm-none-eabi-gcc "../Core/Src/main.c" -mcpu=cortex-m4 -std=gnu11 -g3 -DDEBUG -DSTM32F407xx -DUSE_FULL_LL_DRIVER '-DHSE_VALUE=25000000' '-DHSE_STARTUP_TIMEOUT=100' '-DLSE_STARTUP_TIMEOUT=5000' '-DLSE_VALUE=32768' '-DEXTERNAL_CLOCK_VALUE=12288000' '-DHSI_VALUE=16000000' '-DLSI_VALUE=32000' '-DVDD_VALUE=3300' '-DPREFETCH_ENABLE=1' '-DINSTRUCTION_CACHE_ENABLE=1' '-DDATA_CACHE_ENABLE=1' -c -I../Core/Inc -I../Drivers/STM32F4xx_HAL_Driver/Inc -I../Drivers/CMSIS/Device/ST/STM32F4xx/Include -I../Drivers/CMSIS/Include -O0 -ffunction-sections -fdata-sections -Wall -fstack-usage -MMD -MP -MF"Core/Src/main.d" -MT"Core/Src/main.o" --specs=nano.specs -mfpu=fpv4-sp-d16 -mfloat-abi=hard -mthumb -o "Core/Src/main.o"
arm-none-eabi-gcc "../Core/Src/stm32f4xx_it.c" -mcpu=cortex-m4 -std=gnu11 -g3 -DDEBUG -DSTM32F407xx -DUSE_FULL_LL_DRIVER '-DHSE_VALUE=25000000' '-DHSE_STARTUP_TIMEOUT=100' '-DLSE_STARTUP_TIMEOUT=5000' '-DLSE_VALUE=32768' '-DEXTERNAL_CLOCK_VALUE=12288000' '-DHSI_VALUE=16000000' '-DLSI_VALUE=32000' '-DVDD_VALUE=3300' '-DPREFETCH_ENABLE=1' '-DINSTRUCTION_CACHE_ENABLE=1' '-DDATA_CACHE_ENABLE=1' -c -I../Core/Inc -I../Drivers/STM32F4xx_HAL_Driver/Inc -I../Drivers/CMSIS/Device/ST/STM32F4xx/Include -I../Drivers/CMSIS/Include -O0 -ffunction-sections -fdata-sections -Wall -fstack-usage -MMD -MP -MF"Core/Src/stm32f4xx_it.d" -MT"Core/Src/stm32f4xx_it.o" --specs=nano.specs -mfpu=fpv4-sp-d16 -mfloat-abi=hard -mthumb -o "Core/Src/stm32f4xx_it.o"
arm-none-eabi-gcc -o "Test1_Blink_3LED_Yun3.elf" @"objects.list"   -mcpu=cortex-m4 -T"D:\Code\MCU\STM32\F407VE\BUGU\Test1_Blink_3LED_Yun3\STM32F407VETX_FLASH.ld" --specs=nosys.specs -Wl,-Map="Test1_Blink_3LED_Yun3.map" -Wl,--gc-sections -static --specs=nano.specs -mfpu=fpv4-sp-d16 -mfloat-abi=hard -mthumb -Wl,--start-group -lc -lm -Wl,--end-group
Finished building target: Test1_Blink_3LED_Yun3.elf
 
arm-none-eabi-objdump -h -S  Test1_Blink_3LED_Yun3.elf  > "Test1_Blink_3LED_Yun3.list"
arm-none-eabi-objcopy  -O binary  Test1_Blink_3LED_Yun3.elf  "Test1_Blink_3LED_Yun3.bin"
arm-none-eabi-size   Test1_Blink_3LED_Yun3.elf 
   text	   data	    bss	    dec	    hex	filename
   4360	     12	   1564	   5936	   1730	Test1_Blink_3LED_Yun3.elf
Finished building: default.size.stdout
 
Finished building: Test1_Blink_3LED_Yun3.bin
 
Finished building: Test1_Blink_3LED_Yun3.list
 

11:12:08 Build Finished. 0 errors, 0 warnings. (took 2s.713ms)

